Component: Arm Compiler for Embedded 6.19 Tool: armlink [5e73cb00]

==============================================================================

Section Cross References

    main2.o(.text.main) refers to main2.o(.text.PWM_StandardLibrary) for PWM_StandardLibrary
    main2.o(.text.main) refers to main2.o(.text.TIM4_config) for TIM4_config
    main2.o(.text.main) refers to main2.o(.text.EXIT0_Encoder_Init) for EXIT0_Encoder_Init
    main2.o(.text.main) refers to main2.o(.text.USART_config) for USART_config
    main2.o(.text.main) refers to main2.o(.bss.cnt) for cnt
    main2.o(.text.main) refers to fmul.o(x$fpl$fmul) for __aeabi_fmul
    main2.o(.text.main) refers to fdiv.o(x$fpl$fdiv) for __aeabi_fdiv
    main2.o(.text.main) refers to f2d.o(x$fpl$f2d) for __aeabi_f2d
    main2.o(.text.main) refers to main2.o(.bss.goc_xoay) for goc_xoay
    main2.o(.text.main) refers to main2.o(.bss.msg) for msg
    main2.o(.text.main) refers to main2.o(.rodata.str1.1) for .L.str
    main2.o(.text.main) refers to sprintf.o(.text) for sprintf
    main2.o(.text.main) refers to main2.o(.text.USART_Send_String) for USART_Send_String
    main2.o(.ARM.exidx.text.main) refers to main2.o(.text.main) for [Anonymous Symbol]
    main2.o(.text.PWM_StandardLibrary) refers to stm32f10x_rcc.o(.text.RCC_APB2PeriphClockCmd) for RCC_APB2PeriphClockCmd
    main2.o(.text.PWM_StandardLibrary) refers to stm32f10x_rcc.o(.text.RCC_APB1PeriphClockCmd) for RCC_APB1PeriphClockCmd
    main2.o(.text.PWM_StandardLibrary) refers to stm32f10x_gpio.o(.text.GPIO_Init) for GPIO_Init
    main2.o(.text.PWM_StandardLibrary) refers to stm32f10x_tim.o(.text.TIM_TimeBaseInit) for TIM_TimeBaseInit
    main2.o(.text.PWM_StandardLibrary) refers to stm32f10x_tim.o(.text.TIM_Cmd) for TIM_Cmd
    main2.o(.text.PWM_StandardLibrary) refers to stm32f10x_tim.o(.text.TIM_OC1Init) for TIM_OC1Init
    main2.o(.ARM.exidx.text.PWM_StandardLibrary) refers to main2.o(.text.PWM_StandardLibrary) for [Anonymous Symbol]
    main2.o(.text.TIM4_config) refers to stm32f10x_rcc.o(.text.RCC_APB1PeriphClockCmd) for RCC_APB1PeriphClockCmd
    main2.o(.text.TIM4_config) refers to stm32f10x_tim.o(.text.TIM_TimeBaseInit) for TIM_TimeBaseInit
    main2.o(.text.TIM4_config) refers to stm32f10x_tim.o(.text.TIM_Cmd) for TIM_Cmd
    main2.o(.ARM.exidx.text.TIM4_config) refers to main2.o(.text.TIM4_config) for [Anonymous Symbol]
    main2.o(.text.EXIT0_Encoder_Init) refers to stm32f10x_rcc.o(.text.RCC_APB2PeriphClockCmd) for RCC_APB2PeriphClockCmd
    main2.o(.text.EXIT0_Encoder_Init) refers to stm32f10x_gpio.o(.text.GPIO_Init) for GPIO_Init
    main2.o(.text.EXIT0_Encoder_Init) refers to stm32f10x_gpio.o(.text.GPIO_EXTILineConfig) for GPIO_EXTILineConfig
    main2.o(.text.EXIT0_Encoder_Init) refers to stm32f10x_exti.o(.text.EXTI_Init) for EXTI_Init
    main2.o(.text.EXIT0_Encoder_Init) refers to stm32f10x_exti.o(.text.EXTI_ClearITPendingBit) for EXTI_ClearITPendingBit
    main2.o(.text.EXIT0_Encoder_Init) refers to misc.o(.text.NVIC_Init) for NVIC_Init
    main2.o(.ARM.exidx.text.EXIT0_Encoder_Init) refers to main2.o(.text.EXIT0_Encoder_Init) for [Anonymous Symbol]
    main2.o(.text.USART_config) refers to stm32f10x_rcc.o(.text.RCC_APB1PeriphClockCmd) for RCC_APB1PeriphClockCmd
    main2.o(.text.USART_config) refers to stm32f10x_rcc.o(.text.RCC_APB2PeriphClockCmd) for RCC_APB2PeriphClockCmd
    main2.o(.text.USART_config) refers to stm32f10x_gpio.o(.text.GPIO_Init) for GPIO_Init
    main2.o(.text.USART_config) refers to stm32f10x_usart.o(.text.USART_ITConfig) for USART_ITConfig
    main2.o(.text.USART_config) refers to stm32f10x_usart.o(.text.USART_ClearITPendingBit) for USART_ClearITPendingBit
    main2.o(.text.USART_config) refers to misc.o(.text.NVIC_Init) for NVIC_Init
    main2.o(.text.USART_config) refers to stm32f10x_usart.o(.text.USART_Init) for USART_Init
    main2.o(.text.USART_config) refers to stm32f10x_usart.o(.text.USART_Cmd) for USART_Cmd
    main2.o(.ARM.exidx.text.USART_config) refers to main2.o(.text.USART_config) for [Anonymous Symbol]
    main2.o(.text.USART_Send_String) refers to stm32f10x_usart.o(.text.USART_GetFlagStatus) for USART_GetFlagStatus
    main2.o(.text.USART_Send_String) refers to stm32f10x_usart.o(.text.USART_SendData) for USART_SendData
    main2.o(.ARM.exidx.text.USART_Send_String) refers to main2.o(.text.USART_Send_String) for [Anonymous Symbol]
    main2.o(.ARM.exidx.text.PWM_Pulse) refers to main2.o(.text.PWM_Pulse) for [Anonymous Symbol]
    main2.o(.text.USART3_IRQHandler) refers to stm32f10x_usart.o(.text.USART_GetITStatus) for USART_GetITStatus
    main2.o(.text.USART3_IRQHandler) refers to stm32f10x_usart.o(.text.USART_ClearFlag) for USART_ClearFlag
    main2.o(.text.USART3_IRQHandler) refers to stm32f10x_usart.o(.text.USART_ReceiveData) for USART_ReceiveData
    main2.o(.text.USART3_IRQHandler) refers to main2.o(.bss.pos) for pos
    main2.o(.text.USART3_IRQHandler) refers to main2.o(.bss.buffer) for buffer
[...]
    main2.c                                  0x00000000   Number         0  main2.o ABSOLUTE
    misc.c                                   0x00000000   Number         0  misc.o ABSOLUTE
    stm32f10x_adc.c                          0x00000000   Number         0  stm32f10x_adc.o ABSOLUTE
    stm32f10x_bkp.c                          0x00000000   Number         0  stm32f10x_bkp.o ABSOLUTE
    stm32f10x_can.c                          0x00000000   Number         0  stm32f10x_can.o ABSOLUTE
    stm32f10x_cec.c                          0x00000000   Number         0  stm32f10x_cec.o ABSOLUTE
    stm32f10x_crc.c                          0x00000000   Number         0  stm32f10x_crc.o ABSOLUTE
    stm32f10x_dac.c                          0x00000000   Number         0  stm32f10x_dac.o ABSOLUTE
    stm32f10x_dbgmcu.c                       0x00000000   Number         0  stm32f10x_dbgmcu.o ABSOLUTE
    stm32f10x_dma.c                          0x00000000   Number         0  stm32f10x_dma.o ABSOLUTE
    stm32f10x_exti.c                         0x00000000   Number         0  stm32f10x_exti.o ABSOLUTE
    stm32f10x_flash.c                        0x00000000   Number         0  stm32f10x_flash.o ABSOLUTE
    stm32f10x_fsmc.c                         0x00000000   Number         0  stm32f10x_fsmc.o ABSOLUTE
    stm32f10x_gpio.c                         0x00000000   Number         0  stm32f10x_gpio.o ABSOLUTE
    stm32f10x_i2c.c                          0x00000000   Number         0  stm32f10x_i2c.o ABSOLUTE
    stm32f10x_iwdg.c                         0x00000000   Number         0  stm32f10x_iwdg.o ABSOLUTE
    stm32f10x_pwr.c                          0x00000000   Number         0  stm32f10x_pwr.o ABSOLUTE
    stm32f10x_rcc.c                          0x00000000   Number         0  stm32f10x_rcc.o ABSOLUTE
    stm32f10x_rtc.c                          0x00000000   Number         0  stm32f10x_rtc.o ABSOLUTE
    stm32f10x_sdio.c                         0x00000000   Number         0  stm32f10x_sdio.o ABSOLUTE
    stm32f10x_spi.c                          0x00000000   Number         0  stm32f10x_spi.o ABSOLUTE
    stm32f10x_tim.c                          0x00000000   Number         0  stm32f10x_tim.o ABSOLUTE
    stm32f10x_usart.c                        0x00000000   Number         0  stm32f10x_usart.o ABSOLUTE
    stm32f10x_wwdg.c                         0x00000000   Number         0  stm32f10x_wwdg.o ABSOLUTE
    system_stm32f10x.c                       0x00000000   Number         0  system_stm32f10x.o ABSOLUTE
    RESET                                    0x08000000   Section      236  startup_stm32f10x_md.o(RESET)
    !!!main                                  0x080000ec   Section        8  __main.o(!!!main)
    !!!scatter                               0x080000f4   Section       52  __scatter.o(!!!scatter)
    !!handler_zi                             0x08000128   Section       28  __scatter_zi.o(!!handler_zi)
    .ARM.Collect$$_printf_percent$$00000000  0x08000144   Section        0  _printf_percent.o(.ARM.Collect$$_printf_percent$$00000000)
    .ARM.Collect$$_printf_percent$$00000001  0x08000144   Section        6  _printf_n.o(.ARM.Collect$$_printf_percent$$00000001)
    .ARM.Collect$$_printf_percent$$00000002  0x0800014a   Section        6  _printf_p.o(.ARM.Collect$$_printf_percent$$00000002)
    .ARM.Collect$$_printf_percent$$00000003  0x08000150   Section        6  _printf_f.o(.ARM.Collect$$_printf_percent$$00000003)
    .ARM.Collect$$_printf_percent$$00000004  0x08000156   Section        6  _printf_e.o(.ARM.Collect$$_printf_percent$$00000004)
    .ARM.Collect$$_printf_percent$$00000005  0x0800015c   Section        6  _printf_g.o(.ARM.Collect$$_printf_percent$$00000005)
    .ARM.Collect$$_printf_percent$$00000006  0x08000162   Section        6  _printf_a.o(.ARM.Collect$$_printf_percent$$00000006)
    .ARM.Collect$$_printf_percent$$00000007  0x08000168   Section       10  _printf_ll.o(.ARM.Collect$$_printf_percent$$00000007)
    .ARM.Collect$$_printf_percent$$00000008  0x08000172   Section        6  _printf_i.o(.ARM.Collect$$_printf_percent$$00000008)
    .ARM.Collect$$_printf_percent$$00000009  0x08000178   Section        6  _printf_d.o(.ARM.Collect$$_printf_percent$$00000009)
    .ARM.Collect$$_printf_percent$$0000000A  0x0800017e   Section        6  _printf_u.o(.ARM.Collect$$_printf_percent$$0000000A)
    .ARM.Collect$$_printf_percent$$0000000B  0x08000184   Section        6  _printf_o.o(.ARM.Collect$$_printf_percent$$0000000B)
    .ARM.Collect$$_printf_percent$$0000000C  0x0800018a   Section        6  _printf_x.o(.ARM.Collect$$_printf_percent$$0000000C)
    .ARM.Collect$$_printf_percent$$0000000D  0x08000190   Section        6  _printf_lli.o(.ARM.Collect$$_printf_percent$$0000000D)
    .ARM.Collect$$_printf_percent$$0000000E  0x08000196   Section        6  _printf_lld.o(.ARM.Collect$$_printf_percent$$0000000E)
    .ARM.Collect$$_printf_percent$$0000000F  0x0800019c   Section        6  _printf_llu.o(.ARM.Collect$$_printf_percent$$0000000F)
    .ARM.Collect$$_printf_percent$$00000010  0x080001a2   Section        6  _printf_llo.o(.ARM.Collect$$_printf_percent$$00000010)
    .ARM.Collect$$_printf_percent$$00000011  0x080001a8   Section        6  _printf_llx.o(.ARM.Collect$$_printf_percent$$00000011)
    .ARM.Collect$$_printf_percent$$00000012  0x080001ae   Section       10  _printf_l.o(.ARM.Collect$$_printf_percent$$00000012)
    .ARM.Collect$$_printf_percent$$00000013  0x080001b8   Section        6  _printf_c.o(.ARM.Collect$$_printf_percent$$00000013)
    .ARM.Collect$$_printf_percent$$00000014  0x080001be   Section        6  _printf_s.o(.ARM.Collect$$_printf_percent$$00000014)
    .ARM.Collect$$_printf_percent$$00000015  0x080001c4   Section        6  _printf_lc.o(.ARM.Collect$$_printf_percent$$00000015)
    .ARM.Collect$$_printf_percent$$00000016  0x080001ca   Section        6  _printf_ls.o(.ARM.Collect$$_printf_percent$$00000016)
    .ARM.Collect$$_printf_percent$$00000017  0x080001d0   Section        4  _printf_percent_end.o(.ARM.Collect$$_printf_percent$$00000017)
    .ARM.Collect$$libinit$$00000000          0x080001d4   Section        2  libinit.o(.ARM.Collect$$libinit$$00000000)
    .ARM.Collect$$libinit$$00000002          0x080001d6   Section        0  libinit2.o(.ARM.Collect$$libinit$$00000002)
    .ARM.Collect$$libinit$$00000004          0x080001d6   Section        0  libinit2.o(.ARM.Collect$$libinit$$00000004)
    .ARM.Collect$$libinit$$00000006          0x080001d6   Section        0  libinit2.o(.ARM.Collect$$libinit$$00000006)
    .ARM.Collect$$libinit$$0000000C          0x080001d6   Section        0  libinit2.o(.ARM.Collect$$libinit$$0000000C)
    .ARM.Collect$$libinit$$0000000E          0x080001d6   Section        0  libinit2.o(.ARM.Collect$$libinit$$0000000E)
    .ARM.Collect$$libinit$$00000010          0x080001d6   Section        0  libinit2.o(.ARM.Collect$$libinit$$00000010)
    .ARM.Collect$$libinit$$00000011          0x080001d6   Section        6  libinit2.o(.ARM.Collect$$libinit$$00000011)
    .ARM.Collect$$libinit$$00000013          0x080001dc   Section        0  libinit2.o(.ARM.Collect$$libinit$$00000013)
    .ARM.Collect$$libinit$$00000014          0x080001dc   Section       12  libinit2.o(.ARM.Collect$$libinit$$00000014)
    .ARM.Collect$$libinit$$00000015          0x080001e8   Section        0  libinit2.o(.ARM.Collect$$libinit$$00000015)
    .ARM.Collect$$libinit$$00000017          0x080001e8   Section        0  libinit2.o(.ARM.Collect$$libinit$$00000017)
    .ARM.Collect$$libinit$$00000018          0x080001e8   Section       10  libinit2.o(.ARM.Collect$$libinit$$00000018)
    .ARM.Collect$$libinit$$00000019          0x080001f2   Section        0  libinit2.o(.ARM.Collect$$libinit$$00000019)
    .ARM.Collect$$libinit$$0000001B          0x080001f2   Section        0  libinit2.o(.ARM.Collect$$libinit$$0000001B)
    .ARM.Collect$$libinit$$0000001D          0x080001f2   Section        0  libinit2.o(.ARM.Collect$$libinit$$0000001D)
    .ARM.Collect$$libinit$$0000001F          0x080001f2   Section        0  libinit2.o(.ARM.Collect$$libinit$$0000001F)
    .ARM.Collect$$libinit$$00000021          0x080001f2   Section        0  libinit2.o(.ARM.Collect$$libinit$$00000021)
    .ARM.Collect$$libinit$$00000023          0x080001f2   Section        0  libinit2.o(.ARM.Collect$$libinit$$00000023)
    .ARM.Collect$$libinit$$00000025          0x080001f2   Section        0  libinit2.o(.ARM.Collect$$libinit$$00000025)
    .ARM.Collect$$libinit$$00000027          0x080001f2   Section        0  libinit2.o(.ARM.Collect$$libinit$$00000027)
    .ARM.Collect$$libinit$$0000002E          0x080001f2   Section        0  libinit2.o(.ARM.Collect$$libinit$$0000002E)
    .ARM.Collect$$libinit$$00000030          0x080001f2   Section        0  libinit2.o(.ARM.Collect$$libinit$$00000030)
    .ARM.Collect$$libinit$$00000032          0x080001f2   Section        0  libinit2.o(.ARM.Collect$$libinit$$00000032)
    .ARM.Collect$$libinit$$00000034          0x080001f2   Section        0  libinit2.o(.ARM.Collect$$libinit$$00000034)
    .ARM.Collect$$libinit$$00000035          0x080001f2   Section        2  libinit2.o(.ARM.Collect$$libinit$$00000035)
    .ARM.Collect$$libshutdown$$00000000      0x080001f4   Section        2  libshutdown.o(.ARM.Collect$$libshutdown$$00000000)
    .ARM.Collect$$libshutdown$$00000002      0x080001f6   Section        0  libshutdown2.o(.ARM.Collect$$libshutdown$$00000002)
    .ARM.Collect$$libshutdown$$00000004      0x080001f6   Section        0  libshutdown2.o(.ARM.Collect$$libshutdown$$00000004)
    .ARM.Collect$$libshutdown$$00000007      0x080001f6   Section        0  libshutdown2.o(.ARM.Collect$$libshutdown$$00000007)
    .ARM.Collect$$libshutdown$$0000000A      0x080001f6   Section        0  libshutdown2.o(.ARM.Collect$$libshutdown$$0000000A)
    .ARM.Collect$$libshutdown$$0000000C      0x080001f6   Section        0  libshutdown2.o(.ARM.Collect$$libshutdown$$0000000C)
    .ARM.Collect$$libshutdown$$0000000F      0x080001f6   Section        0  libshutdown2.o(.ARM.Collect$$libshutdown$$0000000F)
    .ARM.Collect$$libshutdown$$00000010      0x080001f6   Section        2  libshutdown2.o(.ARM.Collect$$libshutdown$$00000010)
    .ARM.Collect$$rtentry$$00000000          0x080001f8   Section        0  __rtentry.o(.ARM.Collect$$rtentry$$00000000)
    .ARM.Collect$$rtentry$$00000002          0x080001f8   Section        0  __rtentry2.o(.ARM.Collect$$rtentry$$00000002)
    .ARM.Collect$$rtentry$$00000004          0x080001f8   Section        6  __rtentry4.o(.ARM.Collect$$rtentry$$00000004)
    .ARM.Collect$$rtentry$$00000009          0x080001fe   Section        0  __rtentry2.o(.ARM.Collect$$rtentry$$00000009)
    .ARM.Collect$$rtentry$$0000000A          0x080001fe   Section        4  __rtentry2.o(.ARM.Collect$$rtentry$$0000000A)
    .ARM.Collect$$rtentry$$0000000C          0x08000202   Section        0  __rtentry2.o(.ARM.Collect$$rtentry$$0000000C)
    .ARM.Collect$$rtentry$$0000000D          0x08000202   Section        8  __rtentry2.o(.ARM.Collect$$rtentry$$0000000D)
    .ARM.Collect$$rtexit$$00000000           0x0800020a   Section        2  rtexit.o(.ARM.Collect$$rtexit$$00000000)
    .ARM.Collect$$rtexit$$00000002           0x0800020c   Section        0  rtexit2.o(.ARM.Collect$$rtexit$$00000002)
    .ARM.Collect$$rtexit$$00000003           0x0800020c   Section        4  rtexit2.o(.ARM.Collect$$rtexit$$00000003)
    .ARM.Collect$$rtexit$$00000004           0x08000210   Section        6  rtexit2.o(.ARM.Collect$$rtexit$$00000004)
    .text                                    0x08000218   Section       60  startup_stm32f10x_md.o(.text)
    .text                                    0x08000254   Section        0  sprintf.o(.text)
    .text                                    0x08000280   Section        0  atoi.o(.text)
    .text                                    0x0800029a   Section        0  heapauxi.o(.text)
    .text                                    0x080002a0   Section        8  rt_errno_addr_intlibspace.o(.text)
    .text                                    0x080002a8   Section        0  _printf_pad.o(.text)
    .text                                    0x080002f6   Section        0  _printf_truncate.o(.text)
    .text                                    0x0800031a   Section        0  _printf_str.o(.text)
    .text                                    0x0800036c   Section        0  _printf_dec.o(.text)
    .text                                    0x080003e4   Section        0  _printf_charcount.o(.text)
    _printf_input_char                       0x0800040d   Thumb Code    10  _printf_char_common.o(.text)
    .text                                    0x0800040c   Section        0  _printf_char_common.o(.text)
    .text                                    0x0800043c   Section        0  _sputc.o(.text)
    .text                                    0x08000448   Section        0  _printf_wctomb.o(.text)
    .text                                    0x08000504   Section        0  _printf_longlong_dec.o(.text)
    _printf_longlong_oct_internal            0x08000581   Thumb Code     0  _printf_oct_int_ll.o(.text)
    .text                                    0x08000580   Section        0  _printf_oct_int_ll.o(.text)
    _printf_hex_common                       0x080005f1   Thumb Code     0  _printf_hex_int_ll_ptr.o(.text)
    .text                                    0x080005f0   Section        0  _printf_hex_int_ll_ptr.o(.text)
    .text                                    0x08000684   Section        0  __printf_flags_ss_wp.o(.text)
    .text                                    0x0800080c   Section        0  strtol.o(.text)
    .text                                    0x0800087c   Section        8  libspace.o(.text)
    .text                                    0x08000884   Section       16  rt_ctype_table.o(.text)
    .text                                    0x08000894   Section      138  lludiv10.o(.text)
    .text                                    0x0800091e   Section        0  _printf_intcommon.o(.text)
    _fp_digits                               0x080009d1   Thumb Code   432  _printf_fp_dec.o(.text)
    .text                                    0x080009d0   Section        0  _printf_fp_dec.o(.text)
    .text                                    0x08000dec   Section        0  _printf_fp_hex.o(.text)
    .text                                    0x080010e8   Section        0  _printf_char.o(.text)
    .text                                    0x08001114   Section        0  _printf_wchar.o(.text)
    .text                                    0x08001140   Section        0  _strtoul.o(.text)
    .text                                    0x080011de   Section        0  _c16rtomb.o(.text)
    .text                                    0x08001226   Section       74  sys_stackheap_outer.o(.text)
    .text                                    0x08001270   Section        8  rt_locale_intlibspace.o(.text)
    .text                                    0x08001278   Section        0  _printf_fp_infnan.o(.text)
    .text                                    0x080012f8   Section        0  _chval.o(.text)
    .text                                    0x08001314   Section        0  bigflt0.o(.text)
    .text                                    0x080013f8   Section        0  exit.o(.text)
    .text                                    0x0800140c   Section      128  strcmpv7m.o(.text)
    .text                                    0x0800148c   Section        0  sys_exit.o(.text)
    .text                                    0x08001498   Section        2  use_no_semi.o(.text)
    .text                                    0x0800149a   Section        0  indicate_semi.o(.text)
    [Anonymous Symbol]                       0x0800149c   Section        0  main2.o(.text.EXIT0_Encoder_Init)
    [Anonymous Symbol]                       0x08001544   Section        0  main2.o(.text.EXTI0_IRQHandler)
    [Anonymous Symbol]                       0x08001688   Section        0  stm32f10x_exti.o(.text.EXTI_ClearITPendingBit)
    [Anonymous Symbol]                       0x0800169c   Section        0  stm32f10x_exti.o(.text.EXTI_GetITStatus)
    [Anonymous Symbol]                       0x080016e8   Section        0  stm32f10x_exti.o(.text.EXTI_Init)
    [Anonymous Symbol]                       0x080017d4   Section        0  stm32f10x_gpio.o(.text.GPIO_EXTILineConfig)
    [Anonymous Symbol]                       0x08001828   Section        0  stm32f10x_gpio.o(.text.GPIO_Init)
    [Anonymous Symbol]                       0x080019b0   Section        0  stm32f10x_gpio.o(.text.GPIO_ReadInputDataBit)
    [Anonymous Symbol]                       0x080019e4   Section        0  misc.o(.text.NVIC_Init)
    [Anonymous Symbol]                       0x08001a90   Section        0  main2.o(.text.PWM_StandardLibrary)
    [Anonymous Symbol]                       0x08001b30   Section        0  stm32f10x_rcc.o(.text.RCC_APB1PeriphClockCmd)
    [Anonymous Symbol]                       0x08001b68   Section        0  stm32f10x_rcc.o(.text.RCC_APB2PeriphClockCmd)
    [Anonymous Symbol]                       0x08001ba0   Section        0  stm32f10x_rcc.o(.text.RCC_GetClocksFreq)
    SetSysClock                              0x08001d15   Thumb Code     8  system_stm32f10x.o(.text.SetSysClock)
    [Anonymous Symbol]                       0x08001d14   Section        0  system_stm32f10x.o(.text.SetSysClock)
    SetSysClockTo72                          0x08001d1d   Thumb Code   290  system_stm32f10x.o(.text.SetSysClockTo72)
    [Anonymous Symbol]                       0x08001d1c   Section        0  system_stm32f10x.o(.text.SetSysClockTo72)
    [Anonymous Symbol]                       0x08001e40   Section        0  system_stm32f10x.o(.text.SystemInit)
    [Anonymous Symbol]                       0x08001ea8   Section        0  main2.o(.text.TIM3_IRQHandler)
    [Anonymous Symbol]                       0x08001ed0   Section        0  main2.o(.text.TIM4_config)
    [Anonymous Symbol]                       0x08001f14   Section        0  stm32f10x_tim.o(.text.TIM_ClearFlag)
    [Anonymous Symbol]                       0x08001f2c   Section        0  stm32f10x_tim.o(.text.TIM_Cmd)
    [Anonymous Symbol]                       0x08001f58   Section        0  stm32f10x_tim.o(.text.TIM_GetFlagStatus)
    [Anonymous Symbol]                       0x08001f90   Section        0  stm32f10x_tim.o(.text.TIM_OC1Init)
    [Anonymous Symbol]                       0x080020f4   Section        0  stm32f10x_tim.o(.text.TIM_TimeBaseInit)
    [Anonymous Symbol]                       0x08002238   Section        0  main2.o(.text.USART3_IRQHandler)
    [Anonymous Symbol]                       0x080022b4   Section        0  stm32f10x_usart.o(.text.USART_ClearFlag)
    [Anonymous Symbol]                       0x080022d8   Section        0  stm32f10x_usart.o(.text.USART_ClearITPendingBit)
    [Anonymous Symbol]                       0x0800231c   Section        0  stm32f10x_usart.o(.text.USART_Cmd)
    [Anonymous Symbol]                       0x08002348   Section        0  stm32f10x_usart.o(.text.USART_GetFlagStatus)
    [Anonymous Symbol]                       0x0800238c   Section        0  stm32f10x_usart.o(.text.USART_GetITStatus)
    [Anonymous Symbol]                       0x0800243c   Section        0  stm32f10x_usart.o(.text.USART_ITConfig)
    [Anonymous Symbol]                       0x080024d0   Section        0  stm32f10x_usart.o(.text.USART_Init)
    [Anonymous Symbol]                       0x0800262c   Section        0  stm32f10x_usart.o(.text.USART_ReceiveData)
    [Anonymous Symbol]                       0x0800263c   Section        0  stm32f10x_usart.o(.text.USART_SendData)
    [Anonymous Symbol]                       0x08002654   Section        0  main2.o(.text.USART_Send_String)
    [Anonymous Symbol]                       0x080026b4   Section        0  main2.o(.text.USART_config)
    [Anonymous Symbol]                       0x0800278c   Section        0  main2.o(.text.main)
    CL$$btod_d2e                             0x080027fe   Section       62  btod.o(CL$$btod_d2e)
    CL$$btod_d2e_denorm_low                  0x0800283c   Section       70  btod.o(CL$$btod_d2e_denorm_low)
    CL$$btod_d2e_norm_op1                    0x08002882   Section       96  btod.o(CL$$btod_d2e_norm_op1)
    CL$$btod_div_common                      0x080028e4   Section      824  btod.o(CL$$btod_div_common)
    CL$$btod_e2e                             0x08002c1c   Section      220  btod.o(CL$$btod_e2e)
    CL$$btod_ediv                            0x08002cf8   Section       42  btod.o(CL$$btod_ediv)
    CL$$btod_emul                            0x08002d22   Section       42  btod.o(CL$$btod_emul)
    CL$$btod_mult_common                     0x08002d4c   Section      580  btod.o(CL$$btod_mult_common)
    i.__ARM_fpclassify                       0x08002f90   Section        0  fpclassify.o(i.__ARM_fpclassify)
    i._is_digit                              0x08002fb8   Section        0  __printf_wp.o(i._is_digit)
    locale$$code                             0x08002fc8   Section       44  lc_ctype_c.o(locale$$code)
    locale$$code                             0x08002ff4   Section       44  lc_numeric_c.o(locale$$code)
    x$fpl$dretinf                            0x08003020   Section       12  dretinf.o(x$fpl$dretinf)
    x$fpl$f2d                                0x0800302c   Section       86  f2d.o(x$fpl$f2d)
    x$fpl$fadd                               0x08003084   Section      196  faddsub_clz.o(x$fpl$fadd)
    _fadd1                                   0x08003093   Thumb Code     0  faddsub_clz.o(x$fpl$fadd)
    x$fpl$fcmp                               0x08003148   Section       84  fcmp.o(x$fpl$fcmp)
    x$fpl$fcmpinf                            0x0800319c   Section       24  fcmpi.o(x$fpl$fcmpinf)
    _fdiv1                                   0x080031b5   Thumb Code     0  fdiv.o(x$fpl$fdiv)
    x$fpl$fdiv                               0x080031b4   Section      388  fdiv.o(x$fpl$fdiv)
    x$fpl$feqf                               0x08003338   Section      104  feqf.o(x$fpl$feqf)
    x$fpl$fgeqf                              0x080033a0   Section      104  fgeqf.o(x$fpl$fgeqf)
    x$fpl$fleqf                              0x08003408   Section      104  fleqf.o(x$fpl$fleqf)
    x$fpl$fmul                               0x08003470   Section      258  fmul.o(x$fpl$fmul)
    x$fpl$fnaninf                            0x08003572   Section      140  fnaninf.o(x$fpl$fnaninf)
    x$fpl$fretinf                            0x080035fe   Section       10  fretinf.o(x$fpl$fretinf)
    x$fpl$fsub                               0x08003608   Section      234  faddsub_clz.o(x$fpl$fsub)
    _fsub1                                   0x08003617   Thumb Code     0  faddsub_clz.o(x$fpl$fsub)
    x$fpl$printf1                            0x080036f2   Section        4  printf1.o(x$fpl$printf1)
    x$fpl$printf2                            0x080036f6   Section        4  printf2.o(x$fpl$printf2)
    x$fpl$usenofp                            0x080036fa   Section        0  usenofp.o(x$fpl$usenofp)
    initial_mbstate                          0x080036fc   Data           8  _printf_wctomb.o(.constdata)
    .constdata                               0x080036fc   Section        8  _printf_wctomb.o(.constdata)
    uc_hextab                                0x08003704   Data          20  _printf_hex_int_ll_ptr.o(.constdata)
    .constdata                               0x08003704   Section       40  _printf_hex_int_ll_ptr.o(.constdata)
    lc_hextab                                0x08003718   Data          20  _printf_hex_int_ll_ptr.o(.constdata)
    maptable                                 0x0800372c   Data          17  __printf_flags_ss_wp.o(.constdata)
    .constdata                               0x0800372c   Section       17  __printf_flags_ss_wp.o(.constdata)
    lc_hextab                                0x0800373d   Data          19  _printf_fp_hex.o(.constdata)
    .constdata                               0x0800373d   Section       38  _printf_fp_hex.o(.constdata)
    uc_hextab                                0x08003750   Data          19  _printf_fp_hex.o(.constdata)
    tenpwrs_x                                0x08003764   Data          60  bigflt0.o(.constdata)
    .constdata                               0x08003764   Section      148  bigflt0.o(.constdata)
    tenpwrs_i                                0x080037a0   Data          64  bigflt0.o(.constdata)
    ADCPrescTable                            0x080037f8   Data           4  stm32f10x_rcc.o(.rodata.ADCPrescTable)
    [Anonymous Symbol]                       0x080037f8   Section        0  stm32f10x_rcc.o(.rodata.ADCPrescTable)
    APBAHBPrescTable                         0x080037fc   Data          16  stm32f10x_rcc.o(.rodata.APBAHBPrescTable)
    [Anonymous Symbol]                       0x080037fc   Section        0  stm32f10x_rcc.o(.rodata.APBAHBPrescTable)
    .L.str                                   0x0800380c   Data           5  main2.o(.rodata.str1.1)
    [Anonymous Symbol]                       0x0800380c   Section        0  main2.o(.rodata.str1.1)
    locale$$data                             0x08003824   Section      272  lc_ctype_c.o(locale$$data)
    __lcctype_c_name                         0x08003828   Data           2  lc_ctype_c.o(locale$$data)
    __lcctype_c_start                        0x08003830   Data           0  lc_ctype_c.o(locale$$data)
    __lcctype_c_end                          0x08003934   Data           0  lc_ctype_c.o(locale$$data)
    locale$$data                             0x08003934   Section       28  lc_numeric_c.o(locale$$data)
    __lcnum_c_name                           0x08003938   Data           2  lc_numeric_c.o(locale$$data)
    __lcnum_c_start                          0x08003940   Data           0  lc_numeric_c.o(locale$$data)
    __lcnum_c_point                          0x0800394c   Data           0  lc_numeric_c.o(locale$$data)
    __lcnum_c_thousands                      0x0800394e   Data           0  lc_numeric_c.o(locale$$data)
    __lcnum_c_grouping                       0x0800394f   Data           0  lc_numeric_c.o(locale$$data)
    __lcnum_c_end                            0x08003950   Data           0  lc_numeric_c.o(locale$$data)
    .bss                                     0x20000000   Section       96  libspace.o(.bss)
    Heap_Mem                                 0x200000a0   Data         512  startup_stm32f10x_md.o(HEAP)
    HEAP                                     0x200000a0   Section      512  startup_stm32f10x_md.o(HEAP)
    Stack_Mem                                0x200002a0   Data        1024  startup_stm32f10x_md.o(STACK)
    STACK                                    0x200002a0   Section     1024  startup_stm32f10x_md.o(STACK)
    __initial_sp                             0x200006a0   Data           0  startup_stm32f10x_md.o(STACK)

    Global Symbols

    Symbol Name                              Value     Ov Type        Size  Object(Section)

    BuildAttributes$$THM_ISAv4$P$D$K$B$S$PE$A:L22UL41UL21$X:L11$S22US41US21$IEEE1$IW$~IW$USESV6$~STKCKD$USESV7$~SHL$OTIME$ROPI$IEEEJ$EBA8$UX$STANDARDLIB$REQ8$PRES8$EABIv2 0x00000000   Number         0  anon$$obj.o ABSOLUTE
    __fp_init_empty                          0x00000000   Number         0  fpinit_empty.o ABSOLUTE
    _printf_flags                            0x00000000   Number         0  printf_stubs.o ABSOLUTE
    _printf_return_value                     0x00000000   Number         0  printf_stubs.o ABSOLUTE
    _printf_sizespec                         0x00000000   Number         0  printf_stubs.o ABSOLUTE
    _printf_widthprec                        0x00000000   Number         0  printf_stubs.o ABSOLUTE
    __ARM_exceptions_init                     - Undefined Weak Reference
    __alloca_initialize                       - Undefined Weak Reference
    __arm_preinit_                            - Undefined Weak Reference
    __arm_relocate_pie_                       - Undefined Weak Reference
    __cpp_initialize__aeabi_                  - Undefined Weak Reference
    __cxa_finalize                            - Undefined Weak Reference
    __sigvec_lookup                           - Undefined Weak Reference
    _atexit_init                              - Undefined Weak Reference
    _call_atexit_fns                          - Undefined Weak Reference
    _clock_init                               - Undefined Weak Reference
    _fp_trap_init                             - Undefined Weak Reference
    _fp_trap_shutdown                         - Undefined Weak Reference
    _get_lc_collate                           - Undefined Weak Reference
    _get_lc_monetary                          - Undefined Weak Reference
    _get_lc_time                              - Undefined Weak Reference
    _getenv_init                              - Undefined Weak Reference
    _handle_redirection                       - Undefined Weak Reference
    _init_alloc                               - Undefined Weak Reference
    _init_user_alloc                          - Undefined Weak Reference
    _initio                                   - Undefined Weak Reference
    _printf_mbtowc                            - Undefined Weak Reference
    _printf_wc                                - Undefined Weak Reference
    _rand_init                                - Undefined Weak Reference
    _signal_finish                            - Undefined Weak Reference
    _signal_init                              - Undefined Weak Reference
    _terminate_alloc                          - Undefined Weak Reference
    _terminate_user_alloc                     - Undefined Weak Reference
    _terminateio                              - Undefined Weak Reference
    __Vectors_Size                           0x000000ec   Number         0  startup_stm32f10x_md.o ABSOLUTE
    __Vectors                                0x08000000   Data           4  startup_stm32f10x_md.o(RESET)
    __Vectors_End                            0x080000ec   Data           0  startup_stm32f10x_md.o(RESET)
    __main                                   0x080000ed   Thumb Code     8  __main.o(!!!main)
    __scatterload                            0x080000f5   Thumb Code     0  __scatter.o(!!!scatter)
    __scatterload_rt2                        0x080000f5   Thumb Code    44  __scatter.o(!!!scatter)
    __scatterload_rt2_thumb_only             0x080000f5   Thumb Code     0  __scatter.o(!!!scatter)
    __scatterload_null                       0x08000103   Thumb Code     0  __scatter.o(!!!scatter)
    __scatterload_zeroinit                   0x08000129   Thumb Code    28  __scatter_zi.o(!!handler_zi)
    _printf_n                                0x08000145   Thumb Code     0  _printf_n.o(.ARM.Collect$$_printf_percent$$00000001)
    _printf_percent                          0x08000145   Thumb Code     0  _printf_percent.o(.ARM.Collect$$_printf_percent$$00000000)
    _printf_p                                0x0800014b   Thumb Code     0  _printf_p.o(.ARM.Collect$$_printf_percent$$00000002)
    _printf_f                                0x08000151   Thumb Code     0  _printf_f.o(.ARM.Collect$$_printf_percent$$00000003)
    _printf_e                                0x08000157   Thumb Code     0  _printf_e.o(.ARM.Collect$$_printf_percent$$00000004)
    _printf_g                                0x0800015d   Thumb Code     0  _printf_g.o(.ARM.Collect$$_printf_percent$$00000005)
    _printf_a                                0x08000163   Thumb Code     0  _printf_a.o(.ARM.Collect$$_printf_percent$$00000006)
    _printf_ll                               0x08000169   Thumb Code     0  _printf_ll.o(.ARM.Collect$$_printf_percent$$00000007)
    _printf_i                                0x08000173   Thumb Code     0  _printf_i.o(.ARM.Collect$$_printf_percent$$00000008)
    _printf_d                                0x08000179   Thumb Code     0  _printf_d.o(.ARM.Collect$$_printf_percent$$00000009)
    _printf_u                                0x0800017f   Thumb Code     0  _printf_u.o(.ARM.Collect$$_printf_percent$$0000000A)
    _printf_o                                0x08000185   Thumb Code     0  _printf_o.o(.ARM.Collect$$_printf_percent$$0000000B)
    _printf_x                                0x0800018b   Thumb Code     0  _printf_x.o(.ARM.Collect$$_printf_percent$$0000000C)
    _printf_lli                              0x08000191   Thumb Code     0  _printf_lli.o(.ARM.Collect$$_printf_percent$$0000000D)
    _printf_lld                              0x08000197   Thumb Code     0  _printf_lld.o(.ARM.Collect$$_printf_percent$$0000000E)
    _printf_llu                              0x0800019d   Thumb Code     0  _printf_llu.o(.ARM.Collect$$_printf_percent$$0000000F)
    _printf_llo                              0x080001a3   Thumb Code     0  _printf_llo.o(.ARM.Collect$$_printf_percent$$00000010)
    _printf_llx                              0x080001a9   Thumb Code     0  _printf_llx.o(.ARM.Collect$$_printf_percent$$00000011)
    _printf_l                                0x080001af   Thumb Code     0  _printf_l.o(.ARM.Collect$$_printf_percent$$00000012)
    _printf_c                                0x080001b9   Thumb Code     0  _printf_c.o(.ARM.Collect$$_printf_percent$$00000013)
    _printf_s                                0x080001bf   Thumb Code     0  _printf_s.o(.ARM.Collect$$_printf_percent$$00000014)
    _printf_lc                               0x080001c5   Thumb Code     0  _printf_lc.o(.ARM.Collect$$_printf_percent$$00000015)
    _printf_ls                               0x080001cb   Thumb Code     0  _printf_ls.o(.ARM.Collect$$_printf_percent$$00000016)
    _printf_percent_end                      0x080001d1   Thumb Code     0  _printf_percent_end.o(.ARM.Collect$$_printf_percent$$00000017)
    __rt_lib_init                            0x080001d5   Thumb Code     0  libinit.o(.ARM.Collect$$libinit$$00000000)
    __rt_lib_init_fp_1                       0x080001d7   Thumb Code     0  libinit2.o(.ARM.Collect$$libinit$$00000002)
    __rt_lib_init_heap_1                     0x080001d7   Thumb Code     0  libinit2.o(.ARM.Collect$$libinit$$0000000C)
    __rt_lib_init_lc_common                  0x080001d7   Thumb Code     0  libinit2.o(.ARM.Collect$$libinit$$00000011)
    __rt_lib_init_preinit_1                  0x080001d7   Thumb Code     0  libinit2.o(.ARM.Collect$$libinit$$00000006)
    __rt_lib_init_rand_1                     0x080001d7   Thumb Code     0  libinit2.o(.ARM.Collect$$libinit$$00000010)
    __rt_lib_init_relocate_pie_1             0x080001d7   Thumb Code     0  libinit2.o(.ARM.Collect$$libinit$$00000004)
    __rt_lib_init_user_alloc_1               0x080001d7   Thumb Code     0  libinit2.o(.ARM.Collect$$libinit$$0000000E)
    __rt_lib_init_lc_collate_1               0x080001dd   Thumb Code     0  libinit2.o(.ARM.Collect$$libinit$$00000013)
    __rt_lib_init_lc_ctype_2                 0x080001dd   Thumb Code     0  libinit2.o(.ARM.Collect$$libinit$$00000014)
    __rt_lib_init_lc_ctype_1                 0x080001e9   Thumb Code     0  libinit2.o(.ARM.Collect$$libinit$$00000015)
    __rt_lib_init_lc_monetary_1              0x080001e9   Thumb Code     0  libinit2.o(.ARM.Collect$$libinit$$00000017)
    __rt_lib_init_lc_numeric_2               0x080001e9   Thumb Code     0  libinit2.o(.ARM.Collect$$libinit$$00000018)
    __rt_lib_init_alloca_1                   0x080001f3   Thumb Code     0  libinit2.o(.ARM.Collect$$libinit$$00000030)
    __rt_lib_init_argv_1                     0x080001f3   Thumb Code     0  libinit2.o(.ARM.Collect$$libinit$$0000002E)
    __rt_lib_init_atexit_1                   0x080001f3   Thumb Code     0  libinit2.o(.ARM.Collect$$libinit$$0000001D)
    __rt_lib_init_clock_1                    0x080001f3   Thumb Code     0  libinit2.o(.ARM.Collect$$libinit$$00000023)
    __rt_lib_init_cpp_1                      0x080001f3   Thumb Code     0  libinit2.o(.ARM.Collect$$libinit$$00000034)
    __rt_lib_init_exceptions_1               0x080001f3   Thumb Code     0  libinit2.o(.ARM.Collect$$libinit$$00000032)
    __rt_lib_init_fp_trap_1                  0x080001f3   Thumb Code     0  libinit2.o(.ARM.Collect$$libinit$$00000021)
    __rt_lib_init_getenv_1                   0x080001f3   Thumb Code     0  libinit2.o(.ARM.Collect$$libinit$$00000025)
    __rt_lib_init_lc_numeric_1               0x080001f3   Thumb Code     0  libinit2.o(.ARM.Collect$$libinit$$00000019)
    __rt_lib_init_lc_time_1                  0x080001f3   Thumb Code     0  libinit2.o(.ARM.Collect$$libinit$$0000001B)
    __rt_lib_init_return                     0x080001f3   Thumb Code     0  libinit2.o(.ARM.Collect$$libinit$$00000035)
    __rt_lib_init_signal_1                   0x080001f3   Thumb Code     0  libinit2.o(.ARM.Collect$$libinit$$0000001F)
    __rt_lib_init_stdio_1                    0x080001f3   Thumb Code     0  libinit2.o(.ARM.Collect$$libinit$$00000027)
    __rt_lib_shutdown                        0x080001f5   Thumb Code     0  libshutdown.o(.ARM.Collect$$libshutdown$$00000000)
    __rt_lib_shutdown_cpp_1                  0x080001f7   Thumb Code     0  libshutdown2.o(.ARM.Collect$$libshutdown$$00000002)
    __rt_lib_shutdown_fp_trap_1              0x080001f7   Thumb Code     0  libshutdown2.o(.ARM.Collect$$libshutdown$$00000007)
    __rt_lib_shutdown_heap_1                 0x080001f7   Thumb Code     0  libshutdown2.o(.ARM.Collect$$libshutdown$$0000000F)
    __rt_lib_shutdown_return                 0x080001f7   Thumb Code     0  libshutdown2.o(.ARM.Collect$$libshutdown$$00000010)
    __rt_lib_shutdown_signal_1               0x080001f7   Thumb Code     0  libshutdown2.o(.ARM.Collect$$libshutdown$$0000000A)
    __rt_lib_shutdown_stdio_1                0x080001f7   Thumb Code     0  libshutdown2.o(.ARM.Collect$$libshutdown$$00000004)
    __rt_lib_shutdown_user_alloc_1           0x080001f7   Thumb Code     0  libshutdown2.o(.ARM.Collect$$libshutdown$$0000000C)
    __rt_entry                               0x080001f9   Thumb Code     0  __rtentry.o(.ARM.Collect$$rtentry$$00000000)
    __rt_entry_presh_1                       0x080001f9   Thumb Code     0  __rtentry2.o(.ARM.Collect$$rtentry$$00000002)
    __rt_entry_sh                            0x080001f9   Thumb Code     0  __rtentry4.o(.ARM.Collect$$rtentry$$00000004)
    __rt_entry_li                            0x080001ff   Thumb Code     0  __rtentry2.o(.ARM.Collect$$rtentry$$0000000A)
    __rt_entry_postsh_1                      0x080001ff   Thumb Code     0  __rtentry2.o(.ARM.Collect$$rtentry$$00000009)
    __rt_entry_main                          0x08000203   Thumb Code     0  __rtentry2.o(.ARM.Collect$$rtentry$$0000000D)
    __rt_entry_postli_1                      0x08000203   Thumb Code     0  __rtentry2.o(.ARM.Collect$$rtentry$$0000000C)
    __rt_exit                                0x0800020b   Thumb Code     0  rtexit.o(.ARM.Collect$$rtexit$$00000000)
    __rt_exit_ls                             0x0800020d   Thumb Code     0  rtexit2.o(.ARM.Collect$$rtexit$$00000003)
    __rt_exit_prels_1                        0x0800020d   Thumb Code     0  rtexit2.o(.ARM.Collect$$rtexit$$00000002)
    __rt_exit_exit                           0x08000211   Thumb Code     0  rtexit2.o(.ARM.Collect$$rtexit$$00000004)
    Reset_Handler                            0x08000219   Thumb Code     8  startup_stm32f10x_md.o(.text)
    NMI_Handler                              0x08000221   Thumb Code     2  startup_stm32f10x_md.o(.text)
    HardFault_Handler                        0x08000223   Thumb Code     2  startup_stm32f10x_md.o(.text)
    MemManage_Handler                        0x08000225   Thumb Code     2  startup_stm32f10x_md.o(.text)
    BusFault_Handler                         0x08000227   Thumb Code     2  startup_stm32f10x_md.o(.text)
    UsageFault_Handler                       0x08000229   Thumb Code     2  startup_stm32f10x_md.o(.text)
    SVC_Handler                              0x0800022b   Thumb Code     2  startup_stm32f10x_md.o(.text)
    DebugMon_Handler                         0x0800022d   Thumb Code     2  startup_stm32f10x_md.o(.text)
    PendSV_Handler                           0x0800022f   Thumb Code     2  startup_stm32f10x_md.o(.text)
    SysTick_Handler                          0x08000231   Thumb Code     2  startup_stm32f10x_md.o(.text)
    ADC1_2_IRQHandler                        0x08000233   Thumb Code     0  startup_stm32f10x_md.o(.text)
    CAN1_RX1_IRQHandler                      0x08000233   Thumb Code     0  startup_stm32f10x_md.o(.text)
    CAN1_SCE_IRQHandler                      0x08000233   Thumb Code     0  startup_stm32f10x_md.o(.text)
    DMA1_Channel1_IRQHandler                 0x08000233   Thumb Code     0  startup_stm32f10x_md.o(.text)
    DMA1_Channel2_IRQHandler                 0x08000233   Thumb Code     0  startup_stm32f10x_md.o(.text)
    DMA1_Channel3_IRQHandler                 0x08000233   Thumb Code     0  startup_stm32f10x_md.o(.text)
    DMA1_Channel4_IRQHandler                 0x08000233   Thumb Code     0  startup_stm32f10x_md.o(.text)
    DMA1_Channel5_IRQHandler                 0x08000233   Thumb Code     0  startup_stm32f10x_md.o(.text)
    DMA1_Channel6_IRQHandler                 0x08000233   Thumb Code     0  startup_stm32f10x_md.o(.text)
    DMA1_Channel7_IRQHandler                 0x08000233   Thumb Code     0  startup_stm32f10x_md.o(.text)
    EXTI15_10_IRQHandler                     0x08000233   Thumb Code     0  startup_stm32f10x_md.o(.text)
    EXTI1_IRQHandler                         0x08000233   Thumb Code     0  startup_stm32f10x_md.o(.text)
    EXTI2_IRQHandler                         0x08000233   Thumb Code     0  startup_stm32f10x_md.o(.text)
    EXTI3_IRQHandler                         0x08000233   Thumb Code     0  startup_stm32f10x_md.o(.text)
    EXTI4_IRQHandler                         0x08000233   Thumb Code     0  startup_stm32f10x_md.o(.text)
    EXTI9_5_IRQHandler                       0x08000233   Thumb Code     0  startup_stm32f10x_md.o(.text)
    FLASH_IRQHandler                         0x08000233   Thumb Code     0  startup_stm32f10x_md.o(.text)
    I2C1_ER_IRQHandler                       0x08000233   Thumb Code     0  startup_stm32f10x_md.o(.text)
    I2C1_EV_IRQHandler                       0x08000233   Thumb Code     0  startup_stm32f10x_md.o(.text)
    I2C2_ER_IRQHandler                       0x08000233   Thumb Code     0  startup_stm32f10x_md.o(.text)
    I2C2_EV_IRQHandler                       0x08000233   Thumb Code     0  startup_stm32f10x_md.o(.text)
    PVD_IRQHandler                           0x08000233   Thumb Code     0  startup_stm32f10x_md.o(.text)
    RCC_IRQHandler                           0x08000233   Thumb Code     0  startup_stm32f10x_md.o(.text)
    RTCAlarm_IRQHandler                      0x08000233   Thumb Code     0  startup_stm32f10x_md.o(.text)
    RTC_IRQHandler                           0x08000233   Thumb Code     0  startup_stm32f10x_md.o(.text)
    SPI1_IRQHandler                          0x08000233   Thumb Code     0  startup_stm32f10x_md.o(.text)
    SPI2_IRQHandler                          0x08000233   Thumb Code     0  startup_stm32f10x_md.o(.text)
    TAMPER_IRQHandler                        0x08000233   Thumb Code     0  startup_stm32f10x_md.o(.text)
    TIM1_BRK_IRQHandler                      0x08000233   Thumb Code     0  startup_stm32f10x_md.o(.text)
    TIM1_CC_IRQHandler                       0x08000233   Thumb Code     0  startup_stm32f10x_md.o(.text)
    TIM1_TRG_COM_IRQHandler                  0x08000233   Thumb Code     0  startup_stm32f10x_md.o(.text)
    TIM1_UP_IRQHandler                       0x08000233   Thumb Code     0  startup_stm32f10x_md.o(.text)
    TIM2_IRQHandler                          0x08000233   Thumb Code     0  startup_stm32f10x_md.o(.text)
    TIM4_IRQHandler                          0x08000233   Thumb Code     0  startup_stm32f10x_md.o(.text)
    USART1_IRQHandler                        0x08000233   Thumb Code     0  startup_stm32f10x_md.o(.text)
    USART2_IRQHandler                        0x08000233   Thumb Code     0  startup_stm32f10x_md.o(.text)
    USBWakeUp_IRQHandler                     0x08000233   Thumb Code     0  startup_stm32f10x_md.o(.text)
    USB_HP_CAN1_TX_IRQHandler                0x08000233   Thumb Code     0  startup_stm32f10x_md.o(.text)
    USB_LP_CAN1_RX0_IRQHandler               0x08000233   Thumb Code     0  startup_stm32f10x_md.o(.text)
    WWDG_IRQHandler                          0x08000233   Thumb Code     0  startup_stm32f10x_md.o(.text)
    __user_initial_stackheap                 0x08000233   Thumb Code     0  startup_stm32f10x_md.o(.text)
    sprintf                                  0x08000255   Thumb Code    38  sprintf.o(.text)
    atoi                                     0x08000281   Thumb Code    26  atoi.o(.text)
    __use_two_region_memory                  0x0800029b   Thumb Code     2  heapauxi.o(.text)
    __rt_heap_escrow$2region                 0x0800029d   Thumb Code     2  heapauxi.o(.text)
    __rt_heap_expand$2region                 0x0800029f   Thumb Code     2  heapauxi.o(.text)
    __aeabi_errno_addr                       0x080002a1   Thumb Code     8  rt_errno_addr_intlibspace.o(.text)
    __errno$intlibspace                      0x080002a1   Thumb Code     0  rt_errno_addr_intlibspace.o(.text)
    __rt_errno_addr$intlibspace              0x080002a1   Thumb Code     0  rt_errno_addr_intlibspace.o(.text)
    _printf_pre_padding                      0x080002a9   Thumb Code    44  _printf_pad.o(.text)
    _printf_post_padding                     0x080002d5   Thumb Code    34  _printf_pad.o(.text)
    _printf_truncate_signed                  0x080002f7   Thumb Code    18  _printf_truncate.o(.text)
    _printf_truncate_unsigned                0x08000309   Thumb Code    18  _printf_truncate.o(.text)
    _printf_str                              0x0800031b   Thumb Code    82  _printf_str.o(.text)
    _printf_int_dec                          0x0800036d   Thumb Code   104  _printf_dec.o(.text)
    _printf_charcount                        0x080003e5   Thumb Code    40  _printf_charcount.o(.text)
    _printf_char_common                      0x08000417   Thumb Code    32  _printf_char_common.o(.text)
    _sputc                                   0x0800043d   Thumb Code    10  _sputc.o(.text)
    _printf_wctomb                           0x08000449   Thumb Code   182  _printf_wctomb.o(.text)
    _printf_longlong_dec                     0x08000505   Thumb Code   108  _printf_longlong_dec.o(.text)
    _printf_longlong_oct                     0x08000581   Thumb Code    68  _printf_oct_int_ll.o(.text)
    _printf_int_oct                          0x080005c5   Thumb Code    24  _printf_oct_int_ll.o(.text)
    _printf_ll_oct                           0x080005dd   Thumb Code    12  _printf_oct_int_ll.o(.text)
    _printf_longlong_hex                     0x080005f1   Thumb Code    86  _printf_hex_int_ll_ptr.o(.text)
    _printf_int_hex                          0x08000647   Thumb Code    28  _printf_hex_int_ll_ptr.o(.text)
    _printf_ll_hex                           0x08000663   Thumb Code    12  _printf_hex_int_ll_ptr.o(.text)
    _printf_hex_ptr                          0x0800066f   Thumb Code    18  _printf_hex_int_ll_ptr.o(.text)
    __printf                                 0x08000685   Thumb Code   388  __printf_flags_ss_wp.o(.text)
    strtol                                   0x0800080d   Thumb Code   112  strtol.o(.text)
    __user_libspace                          0x0800087d   Thumb Code     8  libspace.o(.text)
    __user_perproc_libspace                  0x0800087d   Thumb Code     0  libspace.o(.text)
    __user_perthread_libspace                0x0800087d   Thumb Code     0  libspace.o(.text)
    __rt_ctype_table                         0x08000885   Thumb Code    16  rt_ctype_table.o(.text)
    _ll_udiv10                               0x08000895   Thumb Code   138  lludiv10.o(.text)
    _printf_int_common                       0x0800091f   Thumb Code   178  _printf_intcommon.o(.text)
    _printf_fp_dec_real                      0x08000b81   Thumb Code   620  _printf_fp_dec.o(.text)
    _printf_fp_hex_real                      0x08000ded   Thumb Code   756  _printf_fp_hex.o(.text)
    _printf_cs_common                        0x080010e9   Thumb Code    20  _printf_char.o(.text)
    _printf_char                             0x080010fd   Thumb Code    16  _printf_char.o(.text)
    _printf_string                           0x0800110d   Thumb Code     8  _printf_char.o(.text)
    _printf_lcs_common                       0x08001115   Thumb Code    20  _printf_wchar.o(.text)
    _printf_wchar                            0x08001129   Thumb Code    16  _printf_wchar.o(.text)
    _printf_wstring                          0x08001139   Thumb Code     8  _printf_wchar.o(.text)
    _strtoul                                 0x08001141   Thumb Code   158  _strtoul.o(.text)
    _c16rtomb                                0x080011df   Thumb Code    72  _c16rtomb.o(.text)
    _wcrtomb                                 0x080011df   Thumb Code     0  _c16rtomb.o(.text)
    __user_setup_stackheap                   0x08001227   Thumb Code    74  sys_stackheap_outer.o(.text)
    __rt_locale                              0x08001271   Thumb Code     8  rt_locale_intlibspace.o(.text)
    _printf_fp_infnan                        0x08001279   Thumb Code   112  _printf_fp_infnan.o(.text)
    _chval                                   0x080012f9   Thumb Code    28  _chval.o(.text)
    _btod_etento                             0x08001315   Thumb Code   224  bigflt0.o(.text)
    exit                                     0x080013f9   Thumb Code    18  exit.o(.text)
    strcmp                                   0x0800140d   Thumb Code   128  strcmpv7m.o(.text)
    _sys_exit                                0x0800148d   Thumb Code     8  sys_exit.o(.text)
    __I$use$semihosting                      0x08001499   Thumb Code     0  use_no_semi.o(.text)
    __use_no_semihosting_swi                 0x08001499   Thumb Code     2  use_no_semi.o(.text)
    __semihosting_library_function           0x0800149b   Thumb Code     0  indicate_semi.o(.text)
    EXIT0_Encoder_Init                       0x0800149d   Thumb Code   168  main2.o(.text.EXIT0_Encoder_Init)
    EXTI0_IRQHandler                         0x08001545   Thumb Code   324  main2.o(.text.EXTI0_IRQHandler)
    EXTI_ClearITPendingBit                   0x08001689   Thumb Code    20  stm32f10x_exti.o(.text.EXTI_ClearITPendingBit)
    EXTI_GetITStatus                         0x0800169d   Thumb Code    76  stm32f10x_exti.o(.text.EXTI_GetITStatus)
    EXTI_Init                                0x080016e9   Thumb Code   234  stm32f10x_exti.o(.text.EXTI_Init)
    GPIO_EXTILineConfig                      0x080017d5   Thumb Code    84  stm32f10x_gpio.o(.text.GPIO_EXTILineConfig)
    GPIO_Init                                0x08001829   Thumb Code   390  stm32f10x_gpio.o(.text.GPIO_Init)
    GPIO_ReadInputDataBit                    0x080019b1   Thumb Code    52  stm32f10x_gpio.o(.text.GPIO_ReadInputDataBit)
    NVIC_Init                                0x080019e5   Thumb Code   170  misc.o(.text.NVIC_Init)
    PWM_StandardLibrary                      0x08001a91   Thumb Code   160  main2.o(.text.PWM_StandardLibrary)
    RCC_APB1PeriphClockCmd                   0x08001b31   Thumb Code    56  stm32f10x_rcc.o(.text.RCC_APB1PeriphClockCmd)
    RCC_APB2PeriphClockCmd                   0x08001b69   Thumb Code    56  stm32f10x_rcc.o(.text.RCC_APB2PeriphClockCmd)
    RCC_GetClocksFreq                        0x08001ba1   Thumb Code   370  stm32f10x_rcc.o(.text.RCC_GetClocksFreq)
    SystemInit                               0x08001e41   Thumb Code   102  system_stm32f10x.o(.text.SystemInit)
    TIM3_IRQHandler                          0x08001ea9   Thumb Code    40  main2.o(.text.TIM3_IRQHandler)
    TIM4_config                              0x08001ed1   Thumb Code    66  main2.o(.text.TIM4_config)
    TIM_ClearFlag                            0x08001f15   Thumb Code    22  stm32f10x_tim.o(.text.TIM_ClearFlag)
    TIM_Cmd                                  0x08001f2d   Thumb Code    44  stm32f10x_tim.o(.text.TIM_Cmd)
    TIM_GetFlagStatus                        0x08001f59   Thumb Code    54  stm32f10x_tim.o(.text.TIM_GetFlagStatus)
    TIM_OC1Init                              0x08001f91   Thumb Code   354  stm32f10x_tim.o(.text.TIM_OC1Init)
    TIM_TimeBaseInit                         0x080020f5   Thumb Code   322  stm32f10x_tim.o(.text.TIM_TimeBaseInit)
    USART3_IRQHandler                        0x08002239   Thumb Code   124  main2.o(.text.USART3_IRQHandler)
    USART_ClearFlag                          0x080022b5   Thumb Code    36  stm32f10x_usart.o(.text.USART_ClearFlag)
    USART_ClearITPendingBit                  0x080022d9   Thumb Code    68  stm32f10x_usart.o(.text.USART_ClearITPendingBit)
    USART_Cmd                                0x0800231d   Thumb Code    44  stm32f10x_usart.o(.text.USART_Cmd)
    USART_GetFlagStatus                      0x08002349   Thumb Code    68  stm32f10x_usart.o(.text.USART_GetFlagStatus)
    USART_GetITStatus                        0x0800238d   Thumb Code   176  stm32f10x_usart.o(.text.USART_GetITStatus)
    USART_ITConfig                           0x0800243d   Thumb Code   146  stm32f10x_usart.o(.text.USART_ITConfig)
    USART_Init                               0x080024d1   Thumb Code   348  stm32f10x_usart.o(.text.USART_Init)
    USART_ReceiveData                        0x0800262d   Thumb Code    16  stm32f10x_usart.o(.text.USART_ReceiveData)
    USART_SendData                           0x0800263d   Thumb Code    24  stm32f10x_usart.o(.text.USART_SendData)
    USART_Send_String                        0x08002655   Thumb Code    94  main2.o(.text.USART_Send_String)
    USART_config                             0x080026b5   Thumb Code   214  main2.o(.text.USART_config)
    main                                     0x0800278d   Thumb Code   114  main2.o(.text.main)
    _btod_d2e                                0x080027ff   Thumb Code    62  btod.o(CL$$btod_d2e)
    _d2e_denorm_low                          0x0800283d   Thumb Code    70  btod.o(CL$$btod_d2e_denorm_low)
    _d2e_norm_op1                            0x08002883   Thumb Code    96  btod.o(CL$$btod_d2e_norm_op1)
    __btod_div_common                        0x080028e5   Thumb Code   696  btod.o(CL$$btod_div_common)
    _e2e                                     0x08002c1d   Thumb Code   220  btod.o(CL$$btod_e2e)
    _btod_ediv                               0x08002cf9   Thumb Code    42  btod.o(CL$$btod_ediv)
    _btod_emul                               0x08002d23   Thumb Code    42  btod.o(CL$$btod_emul)
    __btod_mult_common                       0x08002d4d   Thumb Code   580  btod.o(CL$$btod_mult_common)
    __ARM_fpclassify                         0x08002f91   Thumb Code    40  fpclassify.o(i.__ARM_fpclassify)
    _is_digit                                0x08002fb9   Thumb Code    14  __printf_wp.o(i._is_digit)
    _get_lc_ctype                            0x08002fc9   Thumb Code    44  lc_ctype_c.o(locale$$code)
    _get_lc_numeric                          0x08002ff5   Thumb Code    44  lc_numeric_c.o(locale$$code)
    __fpl_dretinf                            0x08003021   Thumb Code    12  dretinf.o(x$fpl$dretinf)
    __aeabi_f2d                              0x0800302d   Thumb Code     0  f2d.o(x$fpl$f2d)
    _f2d                                     0x0800302d   Thumb Code    86  f2d.o(x$fpl$f2d)
    __aeabi_fadd                             0x08003085   Thumb Code     0  faddsub_clz.o(x$fpl$fadd)
    _fadd                                    0x08003085   Thumb Code   196  faddsub_clz.o(x$fpl$fadd)
    __aeabi_fcmpeq                           0x08003149   Thumb Code     0  fcmp.o(x$fpl$fcmp)
    _feq                                     0x08003149   Thumb Code    14  fcmp.o(x$fpl$fcmp)
    _fneq                                    0x08003157   Thumb Code    14  fcmp.o(x$fpl$fcmp)
    __aeabi_fcmpgt                           0x08003165   Thumb Code     0  fcmp.o(x$fpl$fcmp)
    _fgr                                     0x08003165   Thumb Code    14  fcmp.o(x$fpl$fcmp)
    __aeabi_fcmpge                           0x08003173   Thumb Code     0  fcmp.o(x$fpl$fcmp)
    _fgeq                                    0x08003173   Thumb Code    14  fcmp.o(x$fpl$fcmp)
    __aeabi_fcmple                           0x08003181   Thumb Code     0  fcmp.o(x$fpl$fcmp)
    _fleq                                    0x08003181   Thumb Code    14  fcmp.o(x$fpl$fcmp)
    __aeabi_fcmplt                           0x0800318f   Thumb Code     0  fcmp.o(x$fpl$fcmp)
    _fls                                     0x0800318f   Thumb Code    14  fcmp.o(x$fpl$fcmp)
    __fpl_fcmp_Inf                           0x0800319d   Thumb Code    24  fcmpi.o(x$fpl$fcmpinf)
    __aeabi_fdiv                             0x080031b5   Thumb Code     0  fdiv.o(x$fpl$fdiv)
    _fdiv                                    0x080031b5   Thumb Code   384  fdiv.o(x$fpl$fdiv)
    __aeabi_cfcmpeq                          0x08003339   Thumb Code     0  feqf.o(x$fpl$feqf)
    _fcmpeq                                  0x08003339   Thumb Code   104  feqf.o(x$fpl$feqf)
    _fcmpge                                  0x080033a1   Thumb Code   104  fgeqf.o(x$fpl$fgeqf)
    __aeabi_cfcmple                          0x08003409   Thumb Code     0  fleqf.o(x$fpl$fleqf)
    _fcmple                                  0x08003409   Thumb Code   104  fleqf.o(x$fpl$fleqf)
    __fpl_fcmple_InfNaN                      0x0800345b   Thumb Code     0  fleqf.o(x$fpl$fleqf)
    __aeabi_fmul                             0x08003471   Thumb Code     0  fmul.o(x$fpl$fmul)
    _fmul                                    0x08003471   Thumb Code   258  fmul.o(x$fpl$fmul)
    __fpl_fnaninf                            0x08003573   Thumb Code   140  fnaninf.o(x$fpl$fnaninf)
    __fpl_fretinf                            0x080035ff   Thumb Code    10  fretinf.o(x$fpl$fretinf)
    __aeabi_fsub                             0x08003609   Thumb Code     0  faddsub_clz.o(x$fpl$fsub)
    _fsub                                    0x08003609   Thumb Code   234  faddsub_clz.o(x$fpl$fsub)
    _printf_fp_dec                           0x080036f3   Thumb Code     4  printf1.o(x$fpl$printf1)
    _printf_fp_hex                           0x080036f7   Thumb Code     4  printf2.o(x$fpl$printf2)
    __I$use$fp                               0x080036fa   Number         0  usenofp.o(x$fpl$usenofp)
    Region$$Table$$Base                      0x08003814   Number         0  anon$$obj.o(Region$$Table)
    Region$$Table$$Limit                     0x08003824   Number         0  anon$$obj.o(Region$$Table)
    __ctype                                  0x08003831   Data           0  lc_ctype_c.o(locale$$data)
    __libspace_start                         0x20000000   Data          96  libspace.o(.bss)
    __temporary_stack_top$libspace           0x20000060   Data           0  libspace.o(.bss)
    buffer                                   0x20000060   Data          10  main2.o(.bss.buffer)
    cnt                                      0x2000006c   Data           4  main2.o(.bss.cnt)
    goc_xoay                                 0x20000070   Data           8  main2.o(.bss.goc_xoay)
    msg                                      0x20000078   Data          30  main2.o(.bss.msg)
    mv                                       0x20000098   Data           4  main2.o(.bss.mv)
    pos                                      0x2000009c   Data           1  main2.o(.bss.pos)
    vong                                     0x2000009e   Data           2  main2.o(.bss.vong)



==============================================================================

Memory Map of the image

  Image Entry point : 0x08000219

  Load Region LR_1 (Base: 0x08000000, Size: 0x00003950, Max: 0xffffffff, ABSOLUTE)

    Execution Region ER_RO (Exec base: 0x08000000, Load base: 0x08000000, Size: 0x00003950, Max: 0xffffffff, ABSOLUTE)

    Exec Addr    Load Addr    Size         Type   Attr      Idx    E Section Name        Object

    0x08000000   0x08000000   0x000000ec   Data   RO         1156    RESET               startup_stm32f10x_md.o
    0x080000ec   0x080000ec   0x00000008   Code   RO         1188  * !!!main             c_w.l(__main.o)
    0x080000f4   0x080000f4   0x00000034   Code   RO         1566    !!!scatter          c_w.l(__scatter.o)
    0x08000128   0x08000128   0x0000001c   Code   RO         1568    !!handler_zi        c_w.l(__scatter_zi.o)
    0x08000144   0x08000144   0x00000000   Code   RO         1293    .ARM.Collect$$_printf_percent$$00000000  c_w.l(_printf_percent.o)
    0x08000144   0x08000144   0x00000006   Code   RO         1282    .ARM.Collect$$_printf_percent$$00000001  c_w.l(_printf_n.o)
    0x0800014a   0x0800014a   0x00000006   Code   RO         1284    .ARM.Collect$$_printf_percent$$00000002  c_w.l(_printf_p.o)
    0x08000150   0x08000150   0x00000006   Code   RO         1289    .ARM.Collect$$_printf_percent$$00000003  c_w.l(_printf_f.o)
    0x08000156   0x08000156   0x00000006   Code   RO         1290    .ARM.Collect$$_printf_percent$$00000004  c_w.l(_printf_e.o)
    0x0800015c   0x0800015c   0x00000006   Code   RO         1291    .ARM.Collect$$_printf_percent$$00000005  c_w.l(_printf_g.o)
    0x08000162   0x08000162   0x00000006   Code   RO         1292    .ARM.Collect$$_printf_percent$$00000006  c_w.l(_printf_a.o)
    0x08000168   0x08000168   0x0000000a   Code   RO         1297    .ARM.Collect$$_printf_percent$$00000007  c_w.l(_printf_ll.o)
    0x08000172   0x08000172   0x00000006   Code   RO         1286    .ARM.Collect$$_printf_percent$$00000008  c_w.l(_printf_i.o)
    0x08000178   0x08000178   0x00000006   Code   RO         1287    .ARM.Collect$$_printf_percent$$00000009  c_w.l(_printf_d.o)
    0x0800017e   0x0800017e   0x00000006   Code   RO         1288    .ARM.Collect$$_printf_percent$$0000000A  c_w.l(_printf_u.o)
    0x08000184   0x08000184   0x00000006   Code   RO         1285    .ARM.Collect$$_printf_percent$$0000000B  c_w.l(_printf_o.o)
    0x0800018a   0x0800018a   0x00000006   Code   RO         1283    .ARM.Collect$$_printf_percent$$0000000C  c_w.l(_printf_x.o)
    0x08000190   0x08000190   0x00000006   Code   RO         1294    .ARM.Collect$$_printf_percent$$0000000D  c_w.l(_printf_lli.o)
    0x08000196   0x08000196   0x00000006   Code   RO         1295    .ARM.Collect$$_printf_percent$$0000000E  c_w.l(_printf_lld.o)
    0x0800019c   0x0800019c   0x00000006   Code   RO         1296    .ARM.Collect$$_printf_percent$$0000000F  c_w.l(_printf_llu.o)
    0x080001a2   0x080001a2   0x00000006   Code   RO         1301    .ARM.Collect$$_printf_percent$$00000010  c_w.l(_printf_llo.o)
    0x080001a8   0x080001a8   0x00000006   Code   RO         1302    .ARM.Collect$$_printf_percent$$00000011  c_w.l(_printf_llx.o)
    0x080001ae   0x080001ae   0x0000000a   Code   RO         1298    .ARM.Collect$$_printf_percent$$00000012  c_w.l(_printf_l.o)
    0x080001b8   0x080001b8   0x00000006   Code   RO         1280    .ARM.Collect$$_printf_percent$$00000013  c_w.l(_printf_c.o)
    0x080001be   0x080001be   0x00000006   Code   RO         1281    .ARM.Collect$$_printf_percent$$00000014  c_w.l(_printf_s.o)
    0x080001c4   0x080001c4   0x00000006   Code   RO         1299    .ARM.Collect$$_printf_percent$$00000015  c_w.l(_printf_lc.o)
    0x080001ca   0x080001ca   0x00000006   Code   RO         1300    .ARM.Collect$$_printf_percent$$00000016  c_w.l(_printf_ls.o)
    0x080001d0   0x080001d0   0x00000004   Code   RO         1363    .ARM.Collect$$_printf_percent$$00000017  c_w.l(_printf_percent_end.o)
    0x080001d4   0x080001d4   0x00000002   Code   RO         1421    .ARM.Collect$$libinit$$00000000  c_w.l(libinit.o)
    0x080001d6   0x080001d6   0x00000000   Code   RO         1433    .ARM.Collect$$libinit$$00000002  c_w.l(libinit2.o)
    0x080001d6   0x080001d6   0x00000000   Code   RO         1435    .ARM.Collect$$libinit$$00000004  c_w.l(libinit2.o)
    0x080001d6   0x080001d6   0x00000000   Code   RO         1437    .ARM.Collect$$libinit$$00000006  c_w.l(libinit2.o)
    0x080001d6   0x080001d6   0x00000000   Code   RO         1440    .ARM.Collect$$libinit$$0000000C  c_w.l(libinit2.o)
    0x080001d6   0x080001d6   0x00000000   Code   RO         1442    .ARM.Collect$$libinit$$0000000E  c_w.l(libinit2.o)
    0x080001d6   0x080001d6   0x00000000   Code   RO         1444    .ARM.Collect$$libinit$$00000010  c_w.l(libinit2.o)
    0x080001d6   0x080001d6   0x00000006   Code   RO         1445    .ARM.Collect$$libinit$$00000011  c_w.l(libinit2.o)
    0x080001dc   0x080001dc   0x00000000   Code   RO         1447    .ARM.Collect$$libinit$$00000013  c_w.l(libinit2.o)
    0x080001dc   0x080001dc   0x0000000c   Code   RO         1448    .ARM.Collect$$libinit$$00000014  c_w.l(libinit2.o)
    0x080001e8   0x080001e8   0x00000000   Code   RO         1449    .ARM.Collect$$libinit$$00000015  c_w.l(libinit2.o)
    0x080001e8   0x080001e8   0x00000000   Code   RO         1451    .ARM.Collect$$libinit$$00000017  c_w.l(libinit2.o)
    0x080001e8   0x080001e8   0x0000000a   Code   RO         1452    .ARM.Collect$$libinit$$00000018  c_w.l(libinit2.o)
    0x080001f2   0x080001f2   0x00000000   Code   RO         1453    .ARM.Collect$$libinit$$00000019  c_w.l(libinit2.o)
    0x080001f2   0x080001f2   0x00000000   Code   RO         1455    .ARM.Collect$$libinit$$0000001B  c_w.l(libinit2.o)
    0x080001f2   0x080001f2   0x00000000   Code   RO         1457    .ARM.Collect$$libinit$$0000001D  c_w.l(libinit2.o)
    0x080001f2   0x080001f2   0x00000000   Code   RO         1459    .ARM.Collect$$libinit$$0000001F  c_w.l(libinit2.o)
    0x080001f2   0x080001f2   0x00000000   Code   RO         1461    .ARM.Collect$$libinit$$00000021  c_w.l(libinit2.o)
    0x080001f2   0x080001f2   0x00000000   Code   RO         1463    .ARM.Collect$$libinit$$00000023  c_w.l(libinit2.o)
    0x080001f2   0x080001f2   0x00000000   Code   RO         1465    .ARM.Collect$$libinit$$00000025  c_w.l(libinit2.o)
    0x080001f2   0x080001f2   0x00000000   Code   RO         1467    .ARM.Collect$$libinit$$00000027  c_w.l(libinit2.o)
    0x080001f2   0x080001f2   0x00000000   Code   RO         1471    .ARM.Collect$$libinit$$0000002E  c_w.l(libinit2.o)
    0x080001f2   0x080001f2   0x00000000   Code   RO         1473    .ARM.Collect$$libinit$$00000030  c_w.l(libinit2.o)
    0x080001f2   0x080001f2   0x00000000   Code   RO         1475    .ARM.Collect$$libinit$$00000032  c_w.l(libinit2.o)
    0x080001f2   0x080001f2   0x00000000   Code   RO         1477    .ARM.Collect$$libinit$$00000034  c_w.l(libinit2.o)
    0x080001f2   0x080001f2   0x00000002   Code   RO         1478    .ARM.Collect$$libinit$$00000035  c_w.l(libinit2.o)
    0x080001f4   0x080001f4   0x00000002   Code   RO         1502    .ARM.Collect$$libshutdown$$00000000  c_w.l(libshutdown.o)
    0x080001f6   0x080001f6   0x00000000   Code   RO         1517    .ARM.Collect$$libshutdown$$00000002  c_w.l(libshutdown2.o)
    0x080001f6   0x080001f6   0x00000000   Code   RO         1519    .ARM.Collect$$libshutdown$$00000004  c_w.l(libshutdown2.o)
    0x080001f6   0x080001f6   0x00000000   Code   RO         1522    .ARM.Collect$$libshutdown$$00000007  c_w.l(libshutdown2.o)
    0x080001f6   0x080001f6   0x00000000   Code   RO         1525    .ARM.Collect$$libshutdown$$0000000A  c_w.l(libshutdown2.o)
    0x080001f6   0x080001f6   0x00000000   Code   RO         1527    .ARM.Collect$$libshutdown$$0000000C  c_w.l(libshutdown2.o)
    0x080001f6   0x080001f6   0x00000000   Code   RO         1530    .ARM.Collect$$libshutdown$$0000000F  c_w.l(libshutdown2.o)
    0x080001f6   0x080001f6   0x00000002   Code   RO         1531    .ARM.Collect$$libshutdown$$00000010  c_w.l(libshutdown2.o)
    0x080001f8   0x080001f8   0x00000000   Code   RO         1206    .ARM.Collect$$rtentry$$00000000  c_w.l(__rtentry.o)
    0x080001f8   0x080001f8   0x00000000   Code   RO         1330    .ARM.Collect$$rtentry$$00000002  c_w.l(__rtentry2.o)
    0x080001f8   0x080001f8   0x00000006   Code   RO         1342    .ARM.Collect$$rtentry$$00000004  c_w.l(__rtentry4.o)
    0x080001fe   0x080001fe   0x00000000   Code   RO         1332    .ARM.Collect$$rtentry$$00000009  c_w.l(__rtentry2.o)
    0x080001fe   0x080001fe   0x00000004   Code   RO         1333    .ARM.Collect$$rtentry$$0000000A  c_w.l(__rtentry2.o)
    0x08000202   0x08000202   0x00000000   Code   RO         1335    .ARM.Collect$$rtentry$$0000000C  c_w.l(__rtentry2.o)
    0x08000202   0x08000202   0x00000008   Code   RO         1336    .ARM.Collect$$rtentry$$0000000D  c_w.l(__rtentry2.o)
    0x0800020a   0x0800020a   0x00000002   Code   RO         1426    .ARM.Collect$$rtexit$$00000000  c_w.l(rtexit.o)
    0x0800020c   0x0800020c   0x00000000   Code   RO         1480    .ARM.Collect$$rtexit$$00000002  c_w.l(rtexit2.o)
    0x0800020c   0x0800020c   0x00000004   Code   RO         1481    .ARM.Collect$$rtexit$$00000003  c_w.l(rtexit2.o)
    0x08000210   0x08000210   0x00000006   Code   RO         1482    .ARM.Collect$$rtexit$$00000004  c_w.l(rtexit2.o)
    0x08000216   0x08000216   0x00000002   PAD
    0x08000218   0x08000218   0x0000003c   Code   RO         1157  * .text               startup_stm32f10x_md.o
    0x08000254   0x08000254   0x0000002c   Code   RO         1182    .text               c_w.l(sprintf.o)
    0x08000280   0x08000280   0x0000001a   Code   RO         1184    .text               c_w.l(atoi.o)
    0x0800029a   0x0800029a   0x00000006   Code   RO         1186    .text               c_w.l(heapauxi.o)
    0x080002a0   0x080002a0   0x00000008   Code   RO         1210    .text               c_w.l(rt_errno_addr_intlibspace.o)
    0x080002a8   0x080002a8   0x0000004e   Code   RO         1214    .text               c_w.l(_printf_pad.o)
    0x080002f6   0x080002f6   0x00000024   Code   RO         1216    .text               c_w.l(_printf_truncate.o)
    0x0800031a   0x0800031a   0x00000052   Code   RO         1218    .text               c_w.l(_printf_str.o)
    0x0800036c   0x0800036c   0x00000078   Code   RO         1220    .text               c_w.l(_printf_dec.o)
    0x080003e4   0x080003e4   0x00000028   Code   RO         1222    .text               c_w.l(_printf_charcount.o)
    0x0800040c   0x0800040c   0x00000030   Code   RO         1224    .text               c_w.l(_printf_char_common.o)
    0x0800043c   0x0800043c   0x0000000a   Code   RO         1226    .text               c_w.l(_sputc.o)
    0x08000446   0x08000446   0x00000002   PAD
    0x08000448   0x08000448   0x000000bc   Code   RO         1228    .text               c_w.l(_printf_wctomb.o)
    0x08000504   0x08000504   0x0000007c   Code   RO         1231    .text               c_w.l(_printf_longlong_dec.o)
    0x08000580   0x08000580   0x00000070   Code   RO         1237    .text               c_w.l(_printf_oct_int_ll.o)
    0x080005f0   0x080005f0   0x00000094   Code   RO         1257    .text               c_w.l(_printf_hex_int_ll_ptr.o)
    0x08000684   0x08000684   0x00000188   Code   RO         1277    .text               c_w.l(__printf_flags_ss_wp.o)
    0x0800080c   0x0800080c   0x00000070   Code   RO         1303    .text               c_w.l(strtol.o)
    0x0800087c   0x0800087c   0x00000008   Code   RO         1326    .text               c_w.l(libspace.o)
    0x08000884   0x08000884   0x00000010   Code   RO         1344    .text               c_w.l(rt_ctype_table.o)
    0x08000894   0x08000894   0x0000008a   Code   RO         1346    .text               c_w.l(lludiv10.o)
    0x0800091e   0x0800091e   0x000000b2   Code   RO         1348    .text               c_w.l(_printf_intcommon.o)
    0x080009d0   0x080009d0   0x0000041c   Code   RO         1350    .text               c_w.l(_printf_fp_dec.o)
    0x08000dec   0x08000dec   0x000002fc   Code   RO         1354    .text               c_w.l(_printf_fp_hex.o)
    0x080010e8   0x080010e8   0x0000002c   Code   RO         1359    .text               c_w.l(_printf_char.o)
    0x08001114   0x08001114   0x0000002c   Code   RO         1361    .text               c_w.l(_printf_wchar.o)
    0x08001140   0x08001140   0x0000009e   Code   RO         1364    .text               c_w.l(_strtoul.o)
    0x080011de   0x080011de   0x00000048   Code   RO         1366    .text               c_w.l(_c16rtomb.o)
    0x08001226   0x08001226   0x0000004a   Code   RO         1370    .text               c_w.l(sys_stackheap_outer.o)
    0x08001270   0x08001270   0x00000008   Code   RO         1375    .text               c_w.l(rt_locale_intlibspace.o)
    0x08001278   0x08001278   0x00000080   Code   RO         1377    .text               c_w.l(_printf_fp_infnan.o)
    0x080012f8   0x080012f8   0x0000001c   Code   RO         1379    .text               c_w.l(_chval.o)
    0x08001314   0x08001314   0x000000e4   Code   RO         1381    .text               c_w.l(bigflt0.o)
    0x080013f8   0x080013f8   0x00000012   Code   RO         1414    .text               c_w.l(exit.o)
    0x0800140a   0x0800140a   0x00000002   PAD
    0x0800140c   0x0800140c   0x00000080   Code   RO         1430    .text               c_w.l(strcmpv7m.o)
    0x0800148c   0x0800148c   0x0000000c   Code   RO         1492    .text               c_w.l(sys_exit.o)
    0x08001498   0x08001498   0x00000002   Code   RO         1507    .text               c_w.l(use_no_semi.o)
    0x0800149a   0x0800149a   0x00000000   Code   RO         1509    .text               c_w.l(indicate_semi.o)
    0x0800149a   0x0800149a   0x00000002   PAD
    0x0800149c   0x0800149c   0x000000a8   Code   RO            8    .text.EXIT0_Encoder_Init  main2.o
    0x08001544   0x08001544   0x00000144   Code   RO           24    .text.EXTI0_IRQHandler  main2.o
    0x08001688   0x08001688   0x00000014   Code   RO          373    .text.EXTI_ClearITPendingBit  stm32f10x_exti.o
    0x0800169c   0x0800169c   0x0000004c   Code   RO          371    .text.EXTI_GetITStatus  stm32f10x_exti.o
    0x080016e8   0x080016e8   0x000000ea   Code   RO          361    .text.EXTI_Init     stm32f10x_exti.o
    0x080017d2   0x080017d2   0x00000002   PAD
    0x080017d4   0x080017d4   0x00000054   Code   RO          522    .text.GPIO_EXTILineConfig  stm32f10x_gpio.o
    0x08001828   0x08001828   0x00000186   Code   RO          494    .text.GPIO_Init     stm32f10x_gpio.o
    0x080019ae   0x080019ae   0x00000002   PAD
    0x080019b0   0x080019b0   0x00000034   Code   RO          498    .text.GPIO_ReadInputDataBit  stm32f10x_gpio.o
    0x080019e4   0x080019e4   0x000000aa   Code   RO           50    .text.NVIC_Init     misc.o
    0x08001a8e   0x08001a8e   0x00000002   PAD
    0x08001a90   0x08001a90   0x000000a0   Code   RO            4    .text.PWM_StandardLibrary  main2.o
    0x08001b30   0x08001b30   0x00000038   Code   RO          696    .text.RCC_APB1PeriphClockCmd  stm32f10x_rcc.o
    0x08001b68   0x08001b68   0x00000038   Code   RO          694    .text.RCC_APB2PeriphClockCmd  stm32f10x_rcc.o
    0x08001ba0   0x08001ba0   0x00000172   Code   RO          690    .text.RCC_GetClocksFreq  stm32f10x_rcc.o
    0x08001d12   0x08001d12   0x00000002   PAD
    0x08001d14   0x08001d14   0x00000008   Code   RO         1166    .text.SetSysClock   system_stm32f10x.o
    0x08001d1c   0x08001d1c   0x00000122   Code   RO         1170    .text.SetSysClockTo72  system_stm32f10x.o
    0x08001e3e   0x08001e3e   0x00000002   PAD
    0x08001e40   0x08001e40   0x00000066   Code   RO         1164    .text.SystemInit    system_stm32f10x.o
    0x08001ea6   0x08001ea6   0x00000002   PAD
    0x08001ea8   0x08001ea8   0x00000028   Code   RO           28    .text.TIM3_IRQHandler  main2.o
    0x08001ed0   0x08001ed0   0x00000042   Code   RO            6    .text.TIM4_config   main2.o
    0x08001f12   0x08001f12   0x00000002   PAD
    0x08001f14   0x08001f14   0x00000016   Code   RO         1054    .text.TIM_ClearFlag  stm32f10x_tim.o
    0x08001f2a   0x08001f2a   0x00000002   PAD
    0x08001f2c   0x08001f2c   0x0000002c   Code   RO          920    .text.TIM_Cmd       stm32f10x_tim.o
    0x08001f58   0x08001f58   0x00000036   Code   RO         1052    .text.TIM_GetFlagStatus  stm32f10x_tim.o
    0x08001f8e   0x08001f8e   0x00000002   PAD
    0x08001f90   0x08001f90   0x00000162   Code   RO          882    .text.TIM_OC1Init   stm32f10x_tim.o
    0x080020f2   0x080020f2   0x00000002   PAD
    0x080020f4   0x080020f4   0x00000142   Code   RO          880    .text.TIM_TimeBaseInit  stm32f10x_tim.o
    0x08002236   0x08002236   0x00000002   PAD
    0x08002238   0x08002238   0x0000007c   Code   RO           16    .text.USART3_IRQHandler  main2.o
    0x080022b4   0x080022b4   0x00000024   Code   RO         1119    .text.USART_ClearFlag  stm32f10x_usart.o
    0x080022d8   0x080022d8   0x00000044   Code   RO         1123    .text.USART_ClearITPendingBit  stm32f10x_usart.o
    0x0800231c   0x0800231c   0x0000002c   Code   RO         1077    .text.USART_Cmd     stm32f10x_usart.o
    0x08002348   0x08002348   0x00000044   Code   RO         1117    .text.USART_GetFlagStatus  stm32f10x_usart.o
    0x0800238c   0x0800238c   0x000000b0   Code   RO         1121    .text.USART_GetITStatus  stm32f10x_usart.o
    0x0800243c   0x0800243c   0x00000092   Code   RO         1079    .text.USART_ITConfig  stm32f10x_usart.o
    0x080024ce   0x080024ce   0x00000002   PAD
    0x080024d0   0x080024d0   0x0000015c   Code   RO         1069    .text.USART_Init    stm32f10x_usart.o
    0x0800262c   0x0800262c   0x00000010   Code   RO         1095    .text.USART_ReceiveData  stm32f10x_usart.o
    0x0800263c   0x0800263c   0x00000018   Code   RO         1093    .text.USART_SendData  stm32f10x_usart.o
    0x08002654   0x08002654   0x0000005e   Code   RO           12    .text.USART_Send_String  main2.o
    0x080026b2   0x080026b2   0x00000002   PAD
    0x080026b4   0x080026b4   0x000000d6   Code   RO           10    .text.USART_config  main2.o
    0x0800278a   0x0800278a   0x00000002   PAD
    0x0800278c   0x0800278c   0x00000072   Code   RO            2    .text.main          main2.o
    0x080027fe   0x080027fe   0x0000003e   Code   RO         1384    CL$$btod_d2e        c_w.l(btod.o)
    0x0800283c   0x0800283c   0x00000046   Code   RO         1386    CL$$btod_d2e_denorm_low  c_w.l(btod.o)
    0x08002882   0x08002882   0x00000060   Code   RO         1385    CL$$btod_d2e_norm_op1  c_w.l(btod.o)
    0x080028e2   0x080028e2   0x00000002   PAD
    0x080028e4   0x080028e4   0x00000338   Code   RO         1394    CL$$btod_div_common  c_w.l(btod.o)
    0x08002c1c   0x08002c1c   0x000000dc   Code   RO         1391    CL$$btod_e2e        c_w.l(btod.o)
    0x08002cf8   0x08002cf8   0x0000002a   Code   RO         1388    CL$$btod_ediv       c_w.l(btod.o)
    0x08002d22   0x08002d22   0x0000002a   Code   RO         1387    CL$$btod_emul       c_w.l(btod.o)
    0x08002d4c   0x08002d4c   0x00000244   Code   RO         1393    CL$$btod_mult_common  c_w.l(btod.o)
    0x08002f90   0x08002f90   0x00000028   Code   RO         1424    i.__ARM_fpclassify  m_ws.l(fpclassify.o)
    0x08002fb8   0x08002fb8   0x0000000e   Code   RO         1270    i._is_digit         c_w.l(__printf_wp.o)
    0x08002fc6   0x08002fc6   0x00000002   PAD
    0x08002fc8   0x08002fc8   0x0000002c   Code   RO         1409    locale$$code        c_w.l(lc_ctype_c.o)
    0x08002ff4   0x08002ff4   0x0000002c   Code   RO         1412    locale$$code        c_w.l(lc_numeric_c.o)
    0x08003020   0x08003020   0x0000000c   Code   RO         1305    x$fpl$dretinf       fz_ws.l(dretinf.o)
    0x0800302c   0x0800302c   0x00000056   Code   RO         1190    x$fpl$f2d           fz_ws.l(f2d.o)
    0x08003082   0x08003082   0x00000002   PAD
    0x08003084   0x08003084   0x000000c4   Code   RO         1192    x$fpl$fadd          fz_ws.l(faddsub_clz.o)
    0x08003148   0x08003148   0x00000054   Code   RO         1198    x$fpl$fcmp          fz_ws.l(fcmp.o)
    0x0800319c   0x0800319c   0x00000018   Code   RO         1368    x$fpl$fcmpinf       fz_ws.l(fcmpi.o)
    0x080031b4   0x080031b4   0x00000184   Code   RO         1201    x$fpl$fdiv          fz_ws.l(fdiv.o)
    0x08003338   0x08003338   0x00000068   Code   RO         1307    x$fpl$feqf          fz_ws.l(feqf.o)
    0x080033a0   0x080033a0   0x00000068   Code   RO         1309    x$fpl$fgeqf         fz_ws.l(fgeqf.o)
    0x08003408   0x08003408   0x00000068   Code   RO         1311    x$fpl$fleqf         fz_ws.l(fleqf.o)
    0x08003470   0x08003470   0x00000102   Code   RO         1204    x$fpl$fmul          fz_ws.l(fmul.o)
    0x08003572   0x08003572   0x0000008c   Code   RO         1313    x$fpl$fnaninf       fz_ws.l(fnaninf.o)
    0x080035fe   0x080035fe   0x0000000a   Code   RO         1315    x$fpl$fretinf       fz_ws.l(fretinf.o)
    0x08003608   0x08003608   0x000000ea   Code   RO         1194    x$fpl$fsub          fz_ws.l(faddsub_clz.o)
    0x080036f2   0x080036f2   0x00000004   Code   RO         1317    x$fpl$printf1       fz_ws.l(printf1.o)
    0x080036f6   0x080036f6   0x00000004   Code   RO         1319    x$fpl$printf2       fz_ws.l(printf2.o)
    0x080036fa   0x080036fa   0x00000000   Code   RO         1325    x$fpl$usenofp       fz_ws.l(usenofp.o)
    0x080036fa   0x080036fa   0x00000002   PAD
    0x080036fc   0x080036fc   0x00000008   Data   RO         1229    .constdata          c_w.l(_printf_wctomb.o)
    0x08003704   0x08003704   0x00000028   Data   RO         1258    .constdata          c_w.l(_printf_hex_int_ll_ptr.o)
    0x0800372c   0x0800372c   0x00000011   Data   RO         1278    .constdata          c_w.l(__printf_flags_ss_wp.o)
    0x0800373d   0x0800373d   0x00000026   Data   RO         1355    .constdata          c_w.l(_printf_fp_hex.o)
    0x08003763   0x08003763   0x00000001   PAD
    0x08003764   0x08003764   0x00000094   Data   RO         1382    .constdata          c_w.l(bigflt0.o)
    0x080037f8   0x080037f8   0x00000004   Data   RO          715    .rodata.ADCPrescTable  stm32f10x_rcc.o
    0x080037fc   0x080037fc   0x00000010   Data   RO          714    .rodata.APBAHBPrescTable  stm32f10x_rcc.o
    0x0800380c   0x0800380c   0x00000005   Data   RO           37    .rodata.str1.1      main2.o
    0x08003811   0x08003811   0x00000003   PAD
    0x08003814   0x08003814   0x00000010   Data   RO         1565    Region$$Table       anon$$obj.o
    0x08003824   0x08003824   0x00000110   Data   RO         1408    locale$$data        c_w.l(lc_ctype_c.o)
    0x08003934   0x08003934   0x0000001c   Data   RO         1411    locale$$data        c_w.l(lc_numeric_c.o)


    Execution Region ER_RW (Exec base: 0x20000000, Load base: 0x08003950, Size: 0x00000000, Max: 0xffffffff, ABSOLUTE)

    **** No section assigned to this execution region ****


    Execution Region ER_ZI (Exec base: 0x20000000, Load base: 0x08003950, Size: 0x000006a0, Max: 0xffffffff, ABSOLUTE)

    Exec Addr    Load Addr    Size         Type   Attr      Idx    E Section Name        Object

    0x20000000        -       0x00000060   Zero   RW         1327    .bss                c_w.l(libspace.o)
    0x20000060        -       0x0000000a   Zero   RW           38    .bss.buffer         main2.o
    0x2000006a   0x08003950   0x00000002   PAD
    0x2000006c        -       0x00000004   Zero   RW           30    .bss.cnt            main2.o
    0x20000070        -       0x00000008   Zero   RW           35    .bss.goc_xoay       main2.o
    0x20000078        -       0x0000001e   Zero   RW           36    .bss.msg            main2.o
    0x20000096   0x08003950   0x00000002   PAD
    0x20000098        -       0x00000004   Zero   RW           39    .bss.mv             main2.o
    0x2000009c        -       0x00000001   Zero   RW           34    .bss.pos            main2.o
    0x2000009d   0x08003950   0x00000001   PAD
    0x2000009e        -       0x00000002   Zero   RW           31    .bss.vong           main2.o
    0x200000a0        -       0x00000200   Zero   RW         1155    HEAP                startup_stm32f10x_md.o
    0x200002a0        -       0x00000400   Zero   RW         1154    STACK               startup_stm32f10x_md.o


==============================================================================

Image component sizes


      Code (inc. data)   RO Data    RW Data    ZI Data      Debug   Object Name

      1304          0          5          0         59       7664   main2.o
       170          0          0          0          0       3251   misc.o
        60         24        236          0       1536        816   startup_stm32f10x_md.o
       330          0          0          0          0       2853   stm32f10x_exti.o
       526          0          0          0          0       5663   stm32f10x_gpio.o
       482          0         20          0          0       6982   stm32f10x_rcc.o
       796          0          0          0          0      20295   stm32f10x_tim.o
       926          0          0          0          0       7455   stm32f10x_usart.o
       400          0          0          0          0       2842   system_stm32f10x.o

    ----------------------------------------------------------------------
      5022         24        280          0       1600      57821   Object Totals
         0          0         16          0          0          0   (incl. Generated)
        28          0          3          0          5          0   (incl. Padding)

    ----------------------------------------------------------------------

      Code (inc. data)   RO Data    RW Data    ZI Data      Debug   Library Member Name

         8          0          0          0          0         68   __main.o
       392          4         17          0          0         92   __printf_flags_ss_wp.o
        14          0          0          0          0         68   __printf_wp.o
         0          0          0          0          0          0   __rtentry.o
        12          0          0          0          0          0   __rtentry2.o
         6          0          0          0          0          0   __rtentry4.o
        52          8          0          0          0          0   __scatter.o
        28          0          0          0          0          0   __scatter_zi.o
        72          0          0          0          0         96   _c16rtomb.o
        28          0          0          0          0         68   _chval.o
         6          0          0          0          0          0   _printf_a.o
         6          0          0          0          0          0   _printf_c.o
        44          0          0          0          0        108   _printf_char.o
        48          6          0          0          0         96   _printf_char_common.o
        40          0          0          0          0         68   _printf_charcount.o
         6          0          0          0          0          0   _printf_d.o
       120         16          0          0          0         92   _printf_dec.o
         6          0          0          0          0          0   _printf_e.o
         6          0          0          0          0          0   _printf_f.o
      1052          0          0          0          0        148   _printf_fp_dec.o
       764          8         38          0          0        100   _printf_fp_hex.o
       128         16          0          0          0         84   _printf_fp_infnan.o
         6          0          0          0          0          0   _printf_g.o
       148          4         40          0          0        160   _printf_hex_int_ll_ptr.o
         6          0          0          0          0          0   _printf_i.o
       178          0          0          0          0         88   _printf_intcommon.o
        10          0          0          0          0          0   _printf_l.o
         6          0          0          0          0          0   _printf_lc.o
        10          0          0          0          0          0   _printf_ll.o
         6          0          0          0          0          0   _printf_lld.o
         6          0          0          0          0          0   _printf_lli.o
         6          0          0          0          0          0   _printf_llo.o
         6          0          0          0          0          0   _printf_llu.o
         6          0          0          0          0          0   _printf_llx.o
       124         16          0          0          0         92   _printf_longlong_dec.o
         6          0          0          0          0          0   _printf_ls.o
         6          0          0          0          0          0   _printf_n.o
         6          0          0          0          0          0   _printf_o.o
       112          8          0          0          0        124   _printf_oct_int_ll.o
         6          0          0          0          0          0   _printf_p.o
        78          0          0          0          0        108   _printf_pad.o
         0          0          0          0          0          0   _printf_percent.o
         4          0          0          0          0          0   _printf_percent_end.o
         6          0          0          0          0          0   _printf_s.o
        82          0          0          0          0         80   _printf_str.o
        36          0          0          0          0         84   _printf_truncate.o
         6          0          0          0          0          0   _printf_u.o
        44          0          0          0          0        108   _printf_wchar.o
       188          6          8          0          0         92   _printf_wctomb.o
         6          0          0          0          0          0   _printf_x.o
        10          0          0          0          0         68   _sputc.o
       158          0          0          0          0         92   _strtoul.o
        26          0          0          0          0         80   atoi.o
       228          4        148          0          0         96   bigflt0.o
      1936        128          0          0          0        668   btod.o
        18          0          0          0          0         80   exit.o
         6          0          0          0          0        152   heapauxi.o
         0          0          0          0          0          0   indicate_semi.o
        44         10        272          0          0         76   lc_ctype_c.o
        44         10         28          0          0         76   lc_numeric_c.o
         2          0          0          0          0          0   libinit.o
        30          0          0          0          0          0   libinit2.o
         2          0          0          0          0          0   libshutdown.o
         2          0          0          0          0          0   libshutdown2.o
         8          4          0          0         96         68   libspace.o
       138          0          0          0          0         80   lludiv10.o
        16          4          0          0          0         76   rt_ctype_table.o
         8          4          0          0          0         68   rt_errno_addr_intlibspace.o
         8          4          0          0          0         68   rt_locale_intlibspace.o
         2          0          0          0          0          0   rtexit.o
        10          0          0          0          0          0   rtexit2.o
        44          6          0          0          0         84   sprintf.o
       128          0          0          0          0         68   strcmpv7m.o
       112          0          0          0          0         88   strtol.o
        12          4          0          0          0         68   sys_exit.o
        74          0          0          0          0         80   sys_stackheap_outer.o
         2          0          0          0          0         68   use_no_semi.o
        12          0          0          0          0         68   dretinf.o
        86          4          0          0          0         84   f2d.o
       430          8          0          0          0        168   faddsub_clz.o
        84          0          0          0          0        196   fcmp.o
        24          0          0          0          0         68   fcmpi.o
       388         76          0          0          0         96   fdiv.o
       104          4          0          0          0         84   feqf.o
       104          4          0          0          0         84   fgeqf.o
       104          4          0          0          0         84   fleqf.o
       258          4          0          0          0         84   fmul.o
       140          4          0          0          0         84   fnaninf.o
        10          0          0          0          0         68   fretinf.o
         4          0          0          0          0         68   printf1.o
         4          0          0          0          0         68   printf2.o
         0          0          0          0          0          0   usenofp.o
        40          0          0          0          0         68   fpclassify.o

    ----------------------------------------------------------------------
      8818        378        552          0         96       5600   Library Totals
        16          0          1          0          0          0   (incl. Padding)

    ----------------------------------------------------------------------

      Code (inc. data)   RO Data    RW Data    ZI Data      Debug   Library Name

      7010        270        551          0         96       4228   c_w.l
      1752        108          0          0          0       1304   fz_ws.l
        40          0          0          0          0         68   m_ws.l

    ----------------------------------------------------------------------
      8818        378        552          0         96       5600   Library Totals

    ----------------------------------------------------------------------

==============================================================================


      Code (inc. data)   RO Data    RW Data    ZI Data      Debug   

     13840        402        832          0       1696      60141   Grand Totals
     13840        402        832          0       1696      60141   ELF Image Totals
     13840        402        832          0          0          0   ROM Totals

==============================================================================

    Total RO  Size (Code + RO Data)                14672 (  14.33kB)
    Total RW  Size (RW Data + ZI Data)              1696 (   1.66kB)
    Total ROM Size (Code + RO Data + RW Data)      14672 (  14.33kB)

==============================================================================

