<html>
<body>
<pre>
<h1>µVision Build Log</h1>
<h2>Tool Versions:</h2>
IDE-Version: µVision V5.38.0.0
Copyright (C) 2022 ARM Ltd and ARM Germany GmbH. All rights reserved.
License Information: HTT HTT, HCMUTE, LIC=----
 
Tool Versions:
Toolchain:       MDK-Lite  Version: 5.38.0.0
Toolchain Path:  C:\Keil_v5\ARM\ARMCLANG\Bin
C Compiler:      ArmClang.exe V6.19
Assembler:       Armasm.exe V6.19
Linker/Locator:  ArmLink.exe V6.19
Library Manager: ArmAr.exe V6.19
Hex Converter:   FromElf.exe V6.19
CPU DLL:         SARMCM3.DLL V5.38.0.0
Dialog DLL:      DCM.DLL V1.17.5.0
Target DLL:      STLink\ST-LINKIII-KEIL_SWO.dll V3.1.0.0
Dialog DLL:      TCM.DLL V1.56.4.0
 
<h2>Project:</h2>
E:\STM32F1\Project Servo\PID_DC_Servo_V2.uvprojx
Project File Date:  10/21/2023

<h2>Output:</h2>
*** Using Compiler 'V6.19', folder: 'C:\Keil_v5\ARM\ARMCLANG\Bin'
Build target 'Target 1'
main2.c(1): warning: In file included from...
C:/Users/ASUS/AppData/Local/Arm/Packs/Keil/STM32F1xx_DFP/2.4.1/Device/Include\stm32f10x.h(18): warning: invalid UTF-8 in comment [-Winvalid-utf8]
  *              - To use or not the peripheral<92>s drivers in application code(i.e. 
                                               ^
C:/Users/ASUS/AppData/Local/Arm/Packs/Keil/STM32F1xx_DFP/2.4.1/Device/Include\stm32f10x.h(19): warning: invalid UTF-8 in comment [-Winvalid-utf8]
  *                code will be based on direct access to peripheral<92>s registers 
                                                                    ^
C:/Users/ASUS/AppData/Local/Arm/Packs/Keil/STM32F1xx_DFP/2.4.1/Device/Include\stm32f10x.h(26): warning: invalid UTF-8 in comment [-Winvalid-utf8]
  *           - Macros to access peripheral<92>s registers hardware
                                           ^
main2.c(1): warning: In file included from...
C:/Users/ASUS/AppData/Local/Arm/Packs/Keil/STM32F1xx_DFP/2.4.1/Device/Include\stm32f10x.h(8347): warning: In file included from...
./RTE/Device/STM32F103C8\stm32f10x_conf.h(30): warning: In file included from...
C:/Users/ASUS/AppData/Local/Arm/Packs/Keil/STM32F1xx_DFP/2.4.1/Device/StdPeriph_Driver/inc\stm32f10x_adc.h(31): warning: In file included from...
C:/Users/ASUS/AppData/Local/Arm/Packs/Keil/STM32F1xx_DFP/2.4.1/Device/Include\stm32f10x.h(18): warning: invalid UTF-8 in comment [-Winvalid-utf8]
  *              - To use or not the peripheral<92>s drivers in application code(i.e. 
                                               ^
C:/Users/ASUS/AppData/Local/Arm/Packs/Keil/STM32F1xx_DFP/2.4.1/Device/Include\stm32f10x.h(19): warning: invalid UTF-8 in comment [-Winvalid-utf8]
  *                code will be based on direct access to peripheral<92>s registers 
                                                                    ^
C:/Users/ASUS/AppData/Local/Arm/Packs/Keil/STM32F1xx_DFP/2.4.1/Device/Include\stm32f10x.h(26): warning: invalid UTF-8 in comment [-Winvalid-utf8]
  *           - Macros to access peripheral<92>s registers hardware
                                           ^
main2.c(1): warning: In file included from...
C:/Users/ASUS/AppData/Local/Arm/Packs/Keil/STM32F1xx_DFP/2.4.1/Device/Include\stm32f10x.h(8347): warning: In file included from...
./RTE/Device/STM32F103C8\stm32f10x_conf.h(33): warning: In file included from...
C:/Users/ASUS/AppData/Local/Arm/Packs/Keil/STM32F1xx_DFP/2.4.1/Device/StdPeriph_Driver/inc\stm32f10x_bkp.h(31): warning: In file included from...
C:/Users/ASUS/AppData/Local/Arm/Packs/Keil/STM32F1xx_DFP/2.4.1/Device/Include\stm32f10x.h(18): warning: invalid UTF-8 in comment [-Winvalid-utf8]
  *              - To use or not the peripheral<92>s drivers in application code(i.e. 
                                               ^
C:/Users/ASUS/AppData/Local/Arm/Packs/Keil/STM32F1xx_DFP/2.4.1/Device/Include\stm32f10x.h(19): warning: invalid UTF-8 in comment [-Winvalid-utf8]
  *                code will be based on direct access to peripheral<92>s registers 
                                                                    ^
C:/Users/ASUS/AppData/Local/Arm/Packs/Keil/STM32F1xx_DFP/2.4.1/Device/Include\stm32f10x.h(26): warning: invalid UTF-8 in comment [-Winvalid-utf8]
  *           - Macros to access peripheral<92>s registers hardware
                                           ^
main2.c(1): warning: In file included from...
C:/Users/ASUS/AppData/Local/Arm/Packs/Keil/STM32F1xx_DFP/2.4.1/Device/Include\stm32f10x.h(8347): warning: In file included from...
./RTE/Device/STM32F103C8\stm32f10x_conf.h(36): warning: In file included from...
C:/Users/ASUS/AppData/Local/Arm/Packs/Keil/STM32F1xx_DFP/2.4.1/Device/StdPeriph_Driver/inc\stm32f10x_can.h(31): warning: In file included from...
C:/Users/ASUS/AppData/Local/Arm/Packs/Keil/STM32F1xx_DFP/2.4.1/Device/Include\stm32f10x.h(18): warning: invalid UTF-8 in comment [-Winvalid-utf8]
  *              - To use or not the peripheral<92>s drivers in application code(i.e. 
                                               ^
C:/Users/ASUS/AppData/Local/Arm/Packs/Keil/STM32F1xx_DFP/2.4.1/Device/Include\stm32f10x.h(19): warning: invalid UTF-8 in comment [-Winvalid-utf8]
  *                code will be based on direct access to peripheral<92>s registers 
                                                                    ^
C:/Users/ASUS/AppData/Local/Arm/Packs/Keil/STM32F1xx_DFP/2.4.1/Device/Include\stm32f10x.h(26): warning: invalid UTF-8 in comment [-Winvalid-utf8]
  *           - Macros to access peripheral<92>s registers hardware
                                           ^
main2.c(1): warning: In file included from...
C:/Users/ASUS/AppData/Local/Arm/Packs/Keil/STM32F1xx_DFP/2.4.1/Device/Include\stm32f10x.h(8347): warning: In file included from...
./RTE/Device/STM32F103C8\stm32f10x_conf.h(39): warning: In file included from...
C:/Users/ASUS/AppData/Local/Arm/Packs/Keil/STM32F1xx_DFP/2.4.1/Device/StdPeriph_Driver/inc\stm32f10x_cec.h(31): warning: In file included from...
C:/Users/ASUS/AppData/Local/Arm/Packs/Keil/STM32F1xx_DFP/2.4.1/Device/Include\stm32f10x.h(18): warning: invalid UTF-8 in comment [-Winvalid-utf8]
  *              - To use or not the peripheral<92>s drivers in application code(i.e. 
                                               ^
C:/Users/ASUS/AppData/Local/Arm/Packs/Keil/STM32F1xx_DFP/2.4.1/Device/Include\stm32f10x.h(19): warning: invalid UTF-8 in comment [-Winvalid-utf8]
  *                code will be based on direct access to peripheral<92>s registers 
                                                                    ^
C:/Users/ASUS/AppData/Local/Arm/Packs/Keil/STM32F1xx_DFP/2.4.1/Device/Include\stm32f10x.h(26): warning: invalid UTF-8 in comment [-Winvalid-utf8]
  *           - Macros to access peripheral<92>s registers hardware
                                           ^
main2.c(1): warning: In file included from...
C:/Users/ASUS/AppData/Local/Arm/Packs/Keil/STM32F1xx_DFP/2.4.1/Device/Include\stm32f10x.h(8347): warning: In file included from...
./RTE/Device/STM32F103C8\stm32f10x_conf.h(42): warning: In file included from...
C:/Users/ASUS/AppData/Local/Arm/Packs/Keil/STM32F1xx_DFP/2.4.1/Device/StdPeriph_Driver/inc\stm32f10x_crc.h(31): warning: In file included from...
C:/Users/ASUS/AppData/Local/Arm/Packs/Keil/STM32F1xx_DFP/2.4.1/Device/Include\stm32f10x.h(18): warning: invalid UTF-8 in comment [-Winvalid-utf8]
  *              - To use or not the peripheral<92>s drivers in application code(i.e. 
                                               ^
C:/Users/ASUS/AppData/Local/Arm/Packs/Keil/STM32F1xx_DFP/2.4.1/Device/Include\stm32f10x.h(19): warning: invalid UTF-8 in comment [-Winvalid-utf8]
  *                code will be based on direct access to peripheral<92>s registers 
                                                                    ^
C:/Users/ASUS/AppData/Local/Arm/Packs/Keil/STM32F1xx_DFP/2.4.1/Device/Include\stm32f10x.h(26): warning: invalid UTF-8 in comment [-Winvalid-utf8]
  *           - Macros to access peripheral<92>s registers hardware
                                           ^
main2.c(1): warning: In file included from...
C:/Users/ASUS/AppData/Local/Arm/Packs/Keil/STM32F1xx_DFP/2.4.1/Device/Include\stm32f10x.h(8347): warning: In file included from...
./RTE/Device/STM32F103C8\stm32f10x_conf.h(45): warning: In file included from...
C:/Users/ASUS/AppData/Local/Arm/Packs/Keil/STM32F1xx_DFP/2.4.1/Device/StdPeriph_Driver/inc\stm32f10x_dac.h(31): warning: In file included from...
C:/Users/ASUS/AppData/Local/Arm/Packs/Keil/STM32F1xx_DFP/2.4.1/Device/Include\stm32f10x.h(18): warning: invalid UTF-8 in comment [-Winvalid-utf8]
  *              - To use or not the peripheral<92>s drivers in application code(i.e. 
                                               ^
C:/Users/ASUS/AppData/Local/Arm/Packs/Keil/STM32F1xx_DFP/2.4.1/Device/Include\stm32f10x.h(19): warning: invalid UTF-8 in comment [-Winvalid-utf8]
  *                code will be based on direct access to peripheral<92>s registers 
                                                                    ^
C:/Users/ASUS/AppData/Local/Arm/Packs/Keil/STM32F1xx_DFP/2.4.1/Device/Include\stm32f10x.h(26): warning: invalid UTF-8 in comment [-Winvalid-utf8]
  *           - Macros to access peripheral<92>s registers hardware
                                           ^
main2.c(1): warning: In file included from...
C:/Users/ASUS/AppData/Local/Arm/Packs/Keil/STM32F1xx_DFP/2.4.1/Device/Include\stm32f10x.h(8347): warning: In file included from...
./RTE/Device/STM32F103C8\stm32f10x_conf.h(48): warning: In file included from...
C:/Users/ASUS/AppData/Local/Arm/Packs/Keil/STM32F1xx_DFP/2.4.1/Device/StdPeriph_Driver/inc\stm32f10x_dbgmcu.h(31): warning: In file included from...
C:/Users/ASUS/AppData/Local/Arm/Packs/Keil/STM32F1xx_DFP/2.4.1/Device/Include\stm32f10x.h(18): warning: invalid UTF-8 in comment [-Winvalid-utf8]
  *              - To use or not the peripheral<92>s drivers in application code(i.e. 
                                               ^
C:/Users/ASUS/AppData/Local/Arm/Packs/Keil/STM32F1xx_DFP/2.4.1/Device/Include\stm32f10x.h(19): warning: invalid UTF-8 in comment [-Winvalid-utf8]
  *                code will be based on direct access to peripheral<92>s registers 
                                                                    ^
C:/Users/ASUS/AppData/Local/Arm/Packs/Keil/STM32F1xx_DFP/2.4.1/Device/Include\stm32f10x.h(26): warning: invalid UTF-8 in comment [-Winvalid-utf8]
  *           - Macros to access peripheral<92>s registers hardware
                                           ^
main2.c(1): warning: In file included from...
C:/Users/ASUS/AppData/Local/Arm/Packs/Keil/STM32F1xx_DFP/2.4.1/Device/Include\stm32f10x.h(8347): warning: In file included from...
./RTE/Device/STM32F103C8\stm32f10x_conf.h(51): warning: In file included from...
C:/Users/ASUS/AppData/Local/Arm/Packs/Keil/STM32F1xx_DFP/2.4.1/Device/StdPeriph_Driver/inc\stm32f10x_dma.h(31): warning: In file included from...
C:/Users/ASUS/AppData/Local/Arm/Packs/Keil/STM32F1xx_DFP/2.4.1/Device/Include\stm32f10x.h(18): warning: invalid UTF-8 in comment [-Winvalid-utf8]
  *              - To use or not the peripheral<92>s drivers in application code(i.e. 
                                               ^
C:/Users/ASUS/AppData/Local/Arm/Packs/Keil/STM32F1xx_DFP/2.4.1/Device/Include\stm32f10x.h(19): warning: invalid UTF-8 in comment [-Winvalid-utf8]
  *                code will be based on direct access to peripheral<92>s registers 
                                                                    ^
C:/Users/ASUS/AppData/Local/Arm/Packs/Keil/STM32F1xx_DFP/2.4.1/Device/Include\stm32f10x.h(26): warning: invalid UTF-8 in comment [-Winvalid-utf8]
  *           - Macros to access peripheral<92>s registers hardware
                                           ^
main2.c(1): warning: In file included from...
C:/Users/ASUS/AppData/Local/Arm/Packs/Keil/STM32F1xx_DFP/2.4.1/Device/Include\stm32f10x.h(8347): warning: In file included from...
./RTE/Device/STM32F103C8\stm32f10x_conf.h(54): warning: In file included from...
C:/Users/ASUS/AppData/Local/Arm/Packs/Keil/STM32F1xx_DFP/2.4.1/Device/StdPeriph_Driver/inc\stm32f10x_exti.h(31): warning: In file included from...
C:/Users/ASUS/AppData/Local/Arm/Packs/Keil/STM32F1xx_DFP/2.4.1/Device/Include\stm32f10x.h(18): warning: invalid UTF-8 in comment [-Winvalid-utf8]
  *              - To use or not the peripheral<92>s drivers in application code(i.e. 
                                               ^
C:/Users/ASUS/AppData/Local/Arm/Packs/Keil/STM32F1xx_DFP/2.4.1/Device/Include\stm32f10x.h(19): warning: invalid UTF-8 in comment [-Winvalid-utf8]
  *                code will be based on direct access to peripheral<92>s registers 
                                                                    ^
C:/Users/ASUS/AppData/Local/Arm/Packs/Keil/STM32F1xx_DFP/2.4.1/Device/Include\stm32f10x.h(26): warning: invalid UTF-8 in comment [-Winvalid-utf8]
  *           - Macros to access peripheral<92>s registers hardware
                                           ^
main2.c(1): warning: In file included from...
C:/Users/ASUS/AppData/Local/Arm/Packs/Keil/STM32F1xx_DFP/2.4.1/Device/Include\stm32f10x.h(8347): warning: In file included from...
./RTE/Device/STM32F103C8\stm32f10x_conf.h(57): warning: In file included from...
C:/Users/ASUS/AppData/Local/Arm/Packs/Keil/STM32F1xx_DFP/2.4.1/Device/StdPeriph_Driver/inc\stm32f10x_flash.h(31): warning: In file included from...
C:/Users/ASUS/AppData/Local/Arm/Packs/Keil/STM32F1xx_DFP/2.4.1/Device/Include\stm32f10x.h(18): warning: invalid UTF-8 in comment [-Winvalid-utf8]
  *              - To use or not the peripheral<92>s drivers in application code(i.e. 
                                               ^
C:/Users/ASUS/AppData/Local/Arm/Packs/Keil/STM32F1xx_DFP/2.4.1/Device/Include\stm32f10x.h(19): warning: invalid UTF-8 in comment [-Winvalid-utf8]
  *                code will be based on direct access to peripheral<92>s registers 
                                                                    ^
C:/Users/ASUS/AppData/Local/Arm/Packs/Keil/STM32F1xx_DFP/2.4.1/Device/Include\stm32f10x.h(26): warning: invalid UTF-8 in comment [-Winvalid-utf8]
  *           - Macros to access peripheral<92>s registers hardware
                                           ^
main2.c(1): warning: In file included from...
C:/Users/ASUS/AppData/Local/Arm/Packs/Keil/STM32F1xx_DFP/2.4.1/Device/Include\stm32f10x.h(8347): warning: In file included from...
./RTE/Device/STM32F103C8\stm32f10x_conf.h(60): warning: In file included from...
C:/Users/ASUS/AppData/Local/Arm/Packs/Keil/STM32F1xx_DFP/2.4.1/Device/StdPeriph_Driver/inc\stm32f10x_fsmc.h(31): warning: In file included from...
C:/Users/ASUS/AppData/Local/Arm/Packs/Keil/STM32F1xx_DFP/2.4.1/Device/Include\stm32f10x.h(18): warning: invalid UTF-8 in comment [-Winvalid-utf8]
  *              - To use or not the peripheral<92>s drivers in application code(i.e. 
                                               ^
C:/Users/ASUS/AppData/Local/Arm/Packs/Keil/STM32F1xx_DFP/2.4.1/Device/Include\stm32f10x.h(19): warning: invalid UTF-8 in comment [-Winvalid-utf8]
  *                code will be based on direct access to peripheral<92>s registers 
                                                                    ^
C:/Users/ASUS/AppData/Local/Arm/Packs/Keil/STM32F1xx_DFP/2.4.1/Device/Include\stm32f10x.h(26): warning: invalid UTF-8 in comment [-Winvalid-utf8]
  *           - Macros to access peripheral<92>s registers hardware
                                           ^
main2.c(1): warning: In file included from...
C:/Users/ASUS/AppData/Local/Arm/Packs/Keil/STM32F1xx_DFP/2.4.1/Device/Include\stm32f10x.h(8347): warning: In file included from...
./RTE/Device/STM32F103C8\stm32f10x_conf.h(63): warning: In file included from...
C:/Users/ASUS/AppData/Local/Arm/Packs/Keil/STM32F1xx_DFP/2.4.1/Device/StdPeriph_Driver/inc\stm32f10x_gpio.h(31): warning: In file included from...
C:/Users/ASUS/AppData/Local/Arm/Packs/Keil/STM32F1xx_DFP/2.4.1/Device/Include\stm32f10x.h(18): warning: invalid UTF-8 in comment [-Winvalid-utf8]
  *              - To use or not the peripheral<92>s drivers in application code(i.e. 
                                               ^
C:/Users/ASUS/AppData/Local/Arm/Packs/Keil/STM32F1xx_DFP/2.4.1/Device/Include\stm32f10x.h(19): warning: invalid UTF-8 in comment [-Winvalid-utf8]
  *                code will be based on direct access to peripheral<92>s registers 
                                                                    ^
C:/Users/ASUS/AppData/Local/Arm/Packs/Keil/STM32F1xx_DFP/2.4.1/Device/Include\stm32f10x.h(26): warning: invalid UTF-8 in comment [-Winvalid-utf8]
  *           - Macros to access peripheral<92>s registers hardware
                                           ^
main2.c(1): warning: In file included from...
C:/Users/ASUS/AppData/Local/Arm/Packs/Keil/STM32F1xx_DFP/2.4.1/Device/Include\stm32f10x.h(8347): warning: In file included from...
./RTE/Device/STM32F103C8\stm32f10x_conf.h(66): warning: In file included from...
C:/Users/ASUS/AppData/Local/Arm/Packs/Keil/STM32F1xx_DFP/2.4.1/Device/StdPeriph_Driver/inc\stm32f10x_i2c.h(31): warning: In file included from...
C:/Users/ASUS/AppData/Local/Arm/Packs/Keil/STM32F1xx_DFP/2.4.1/Device/Include\stm32f10x.h(18): warning: invalid UTF-8 in comment [-Winvalid-utf8]
  *              - To use or not the peripheral<92>s drivers in application code(i.e. 
                                               ^
C:/Users/ASUS/AppData/Local/Arm/Packs/Keil/STM32F1xx_DFP/2.4.1/Device/Include\stm32f10x.h(19): warning: invalid UTF-8 in comment [-Winvalid-utf8]
  *                code will be based on direct access to peripheral<92>s registers 
                                                                    ^
C:/Users/ASUS/AppData/Local/Arm/Packs/Keil/STM32F1xx_DFP/2.4.1/Device/Include\stm32f10x.h(26): warning: invalid UTF-8 in comment [-Winvalid-utf8]
  *           - Macros to access peripheral<92>s registers hardware
                                           ^
main2.c(1): warning: In file included from...
C:/Users/ASUS/AppData/Local/Arm/Packs/Keil/STM32F1xx_DFP/2.4.1/Device/Include\stm32f10x.h(8347): warning: In file included from...
./RTE/Device/STM32F103C8\stm32f10x_conf.h(69): warning: In file included from...
C:/Users/ASUS/AppData/Local/Arm/Packs/Keil/STM32F1xx_DFP/2.4.1/Device/StdPeriph_Driver/inc\stm32f10x_iwdg.h(31): warning: In file included from...
C:/Users/ASUS/AppData/Local/Arm/Packs/Keil/STM32F1xx_DFP/2.4.1/Device/Include\stm32f10x.h(18): warning: invalid UTF-8 in comment [-Winvalid-utf8]
  *              - To use or not the peripheral<92>s drivers in application code(i.e. 
                                               ^
C:/Users/ASUS/AppData/Local/Arm/Packs/Keil/STM32F1xx_DFP/2.4.1/Device/Include\stm32f10x.h(19): warning: invalid UTF-8 in comment [-Winvalid-utf8]
  *                code will be based on direct access to peripheral<92>s registers 
                                                                    ^
C:/Users/ASUS/AppData/Local/Arm/Packs/Keil/STM32F1xx_DFP/2.4.1/Device/Include\stm32f10x.h(26): warning: invalid UTF-8 in comment [-Winvalid-utf8]
  *           - Macros to access peripheral<92>s registers hardware
                                           ^
main2.c(1): warning: In file included from...
C:/Users/ASUS/AppData/Local/Arm/Packs/Keil/STM32F1xx_DFP/2.4.1/Device/Include\stm32f10x.h(8347): warning: In file included from...
./RTE/Device/STM32F103C8\stm32f10x_conf.h(72): warning: In file included from...
C:/Users/ASUS/AppData/Local/Arm/Packs/Keil/STM32F1xx_DFP/2.4.1/Device/StdPeriph_Driver/inc\stm32f10x_pwr.h(31): warning: In file included from...
C:/Users/ASUS/AppData/Local/Arm/Packs/Keil/STM32F1xx_DFP/2.4.1/Device/Include\stm32f10x.h(18): warning: invalid UTF-8 in comment [-Winvalid-utf8]
  *              - To use or not the peripheral<92>s drivers in application code(i.e. 
                                               ^
C:/Users/ASUS/AppData/Local/Arm/Packs/Keil/STM32F1xx_DFP/2.4.1/Device/Include\stm32f10x.h(19): warning: invalid UTF-8 in comment [-Winvalid-utf8]
  *                code will be based on direct access to peripheral<92>s registers 
                                                                    ^
C:/Users/ASUS/AppData/Local/Arm/Packs/Keil/STM32F1xx_DFP/2.4.1/Device/Include\stm32f10x.h(26): warning: invalid UTF-8 in comment [-Winvalid-utf8]
  *           - Macros to access peripheral<92>s registers hardware
                                           ^
main2.c(1): warning: In file included from...
C:/Users/ASUS/AppData/Local/Arm/Packs/Keil/STM32F1xx_DFP/2.4.1/Device/Include\stm32f10x.h(8347): warning: In file included from...
./RTE/Device/STM32F103C8\stm32f10x_conf.h(75): warning: In file included from...
C:/Users/ASUS/AppData/Local/Arm/Packs/Keil/STM32F1xx_DFP/2.4.1/Device/StdPeriph_Driver/inc\stm32f10x_rcc.h(31): warning: In file included from...
C:/Users/ASUS/AppData/Local/Arm/Packs/Keil/STM32F1xx_DFP/2.4.1/Device/Include\stm32f10x.h(18): warning: invalid UTF-8 in comment [-Winvalid-utf8]
  *              - To use or not the peripheral<92>s drivers in application code(i.e. 
                                               ^
C:/Users/ASUS/AppData/Local/Arm/Packs/Keil/STM32F1xx_DFP/2.4.1/Device/Include\stm32f10x.h(19): warning: invalid UTF-8 in comment [-Winvalid-utf8]
  *                code will be based on direct access to peripheral<92>s registers 
                                                                    ^
C:/Users/ASUS/AppData/Local/Arm/Packs/Keil/STM32F1xx_DFP/2.4.1/Device/Include\stm32f10x.h(26): warning: invalid UTF-8 in comment [-Winvalid-utf8]
  *           - Macros to access peripheral<92>s registers hardware
                                           ^
main2.c(1): warning: In file included from...
C:/Users/ASUS/AppData/Local/Arm/Packs/Keil/STM32F1xx_DFP/2.4.1/Device/Include\stm32f10x.h(8347): warning: In file included from...
./RTE/Device/STM32F103C8\stm32f10x_conf.h(78): warning: In file included from...
C:/Users/ASUS/AppData/Local/Arm/Packs/Keil/STM32F1xx_DFP/2.4.1/Device/StdPeriph_Driver/inc\stm32f10x_rtc.h(31): warning: In file included from...
C:/Users/ASUS/AppData/Local/Arm/Packs/Keil/STM32F1xx_DFP/2.4.1/Device/Include\stm32f10x.h(18): warning: invalid UTF-8 in comment [-Winvalid-utf8]
  *              - To use or not the peripheral<92>s drivers in application code(i.e. 
                                               ^
C:/Users/ASUS/AppData/Local/Arm/Packs/Keil/STM32F1xx_DFP/2.4.1/Device/Include\stm32f10x.h(19): warning: invalid UTF-8 in comment [-Winvalid-utf8]
  *                code will be based on direct access to peripheral<92>s registers 
                                                                    ^
C:/Users/ASUS/AppData/Local/Arm/Packs/Keil/STM32F1xx_DFP/2.4.1/Device/Include\stm32f10x.h(26): warning: invalid UTF-8 in comment [-Winvalid-utf8]
  *           - Macros to access peripheral<92>s registers hardware
                                           ^
main2.c(1): warning: In file included from...
C:/Users/ASUS/AppData/Local/Arm/Packs/Keil/STM32F1xx_DFP/2.4.1/Device/Include\stm32f10x.h(8347): warning: In file included from...
./RTE/Device/STM32F103C8\stm32f10x_conf.h(81): warning: In file included from...
C:/Users/ASUS/AppData/Local/Arm/Packs/Keil/STM32F1xx_DFP/2.4.1/Device/StdPeriph_Driver/inc\stm32f10x_sdio.h(31): warning: In file included from...
C:/Users/ASUS/AppData/Local/Arm/Packs/Keil/STM32F1xx_DFP/2.4.1/Device/Include\stm32f10x.h(18): warning: invalid UTF-8 in comment [-Winvalid-utf8]
  *              - To use or not the peripheral<92>s drivers in application code(i.e. 
                                               ^
C:/Users/ASUS/AppData/Local/Arm/Packs/Keil/STM32F1xx_DFP/2.4.1/Device/Include\stm32f10x.h(19): warning: invalid UTF-8 in comment [-Winvalid-utf8]
  *                code will be based on direct access to peripheral<92>s registers 
                                                                    ^
C:/Users/ASUS/AppData/Local/Arm/Packs/Keil/STM32F1xx_DFP/2.4.1/Device/Include\stm32f10x.h(26): warning: invalid UTF-8 in comment [-Winvalid-utf8]
  *           - Macros to access peripheral<92>s registers hardware
                                           ^
main2.c(1): warning: In file included from...
C:/Users/ASUS/AppData/Local/Arm/Packs/Keil/STM32F1xx_DFP/2.4.1/Device/Include\stm32f10x.h(8347): warning: In file included from...
./RTE/Device/STM32F103C8\stm32f10x_conf.h(84): warning: In file included from...
C:/Users/ASUS/AppData/Local/Arm/Packs/Keil/STM32F1xx_DFP/2.4.1/Device/StdPeriph_Driver/inc\stm32f10x_spi.h(31): warning: In file included from...
C:/Users/ASUS/AppData/Local/Arm/Packs/Keil/STM32F1xx_DFP/2.4.1/Device/Include\stm32f10x.h(18): warning: invalid UTF-8 in comment [-Winvalid-utf8]
  *              - To use or not the peripheral<92>s drivers in application code(i.e. 
                                               ^
C:/Users/ASUS/AppData/Local/Arm/Packs/Keil/STM32F1xx_DFP/2.4.1/Device/Include\stm32f10x.h(19): warning: invalid UTF-8 in comment [-Winvalid-utf8]
  *                code will be based on direct access to peripheral<92>s registers 
                                                                    ^
C:/Users/ASUS/AppData/Local/Arm/Packs/Keil/STM32F1xx_DFP/2.4.1/Device/Include\stm32f10x.h(26): warning: invalid UTF-8 in comment [-Winvalid-utf8]
  *           - Macros to access peripheral<92>s registers hardware
                                           ^
main2.c(1): warning: In file included from...
C:/Users/ASUS/AppData/Local/Arm/Packs/Keil/STM32F1xx_DFP/2.4.1/Device/Include\stm32f10x.h(8347): warning: In file included from...
./RTE/Device/STM32F103C8\stm32f10x_conf.h(87): warning: In file included from...
C:/Users/ASUS/AppData/Local/Arm/Packs/Keil/STM32F1xx_DFP/2.4.1/Device/StdPeriph_Driver/inc\stm32f10x_tim.h(31): warning: In file included from...
C:/Users/ASUS/AppData/Local/Arm/Packs/Keil/STM32F1xx_DFP/2.4.1/Device/Include\stm32f10x.h(18): warning: invalid UTF-8 in comment [-Winvalid-utf8]
  *              - To use or not the peripheral<92>s drivers in application code(i.e. 
                                               ^
C:/Users/ASUS/AppData/Local/Arm/Packs/Keil/STM32F1xx_DFP/2.4.1/Device/Include\stm32f10x.h(19): warning: invalid UTF-8 in comment [-Winvalid-utf8]
  *                code will be based on direct access to peripheral<92>s registers 
                                                                    ^
C:/Users/ASUS/AppData/Local/Arm/Packs/Keil/STM32F1xx_DFP/2.4.1/Device/Include\stm32f10x.h(26): warning: invalid UTF-8 in comment [-Winvalid-utf8]
  *           - Macros to access peripheral<92>s registers hardware
                                           ^
main2.c(1): warning: In file included from...
C:/Users/ASUS/AppData/Local/Arm/Packs/Keil/STM32F1xx_DFP/2.4.1/Device/Include\stm32f10x.h(8347): warning: In file included from...
./RTE/Device/STM32F103C8\stm32f10x_conf.h(90): warning: In file included from...
C:/Users/ASUS/AppData/Local/Arm/Packs/Keil/STM32F1xx_DFP/2.4.1/Device/StdPeriph_Driver/inc\stm32f10x_usart.h(31): warning: In file included from...
C:/Users/ASUS/AppData/Local/Arm/Packs/Keil/STM32F1xx_DFP/2.4.1/Device/Include\stm32f10x.h(18): warning: invalid UTF-8 in comment [-Winvalid-utf8]
  *              - To use or not the peripheral<92>s drivers in application code(i.e. 
                                               ^
C:/Users/ASUS/AppData/Local/Arm/Packs/Keil/STM32F1xx_DFP/2.4.1/Device/Include\stm32f10x.h(19): warning: invalid UTF-8 in comment [-Winvalid-utf8]
  *                code will be based on direct access to peripheral<92>s registers 
                                                                    ^
C:/Users/ASUS/AppData/Local/Arm/Packs/Keil/STM32F1xx_DFP/2.4.1/Device/Include\stm32f10x.h(26): warning: invalid UTF-8 in comment [-Winvalid-utf8]
  *           - Macros to access peripheral<92>s registers hardware
                                           ^
main2.c(1): warning: In file included from...
C:/Users/ASUS/AppData/Local/Arm/Packs/Keil/STM32F1xx_DFP/2.4.1/Device/Include\stm32f10x.h(8347): warning: In file included from...
./RTE/Device/STM32F103C8\stm32f10x_conf.h(93): warning: In file included from...
C:/Users/ASUS/AppData/Local/Arm/Packs/Keil/STM32F1xx_DFP/2.4.1/Device/StdPeriph_Driver/inc\stm32f10x_wwdg.h(31): warning: In file included from...
C:/Users/ASUS/AppData/Local/Arm/Packs/Keil/STM32F1xx_DFP/2.4.1/Device/Include\stm32f10x.h(18): warning: invalid UTF-8 in comment [-Winvalid-utf8]
  *              - To use or not the peripheral<92>s drivers in application code(i.e. 
                                               ^
C:/Users/ASUS/AppData/Local/Arm/Packs/Keil/STM32F1xx_DFP/2.4.1/Device/Include\stm32f10x.h(19): warning: invalid UTF-8 in comment [-Winvalid-utf8]
  *                code will be based on direct access to peripheral<92>s registers 
                                                                    ^
C:/Users/ASUS/AppData/Local/Arm/Packs/Keil/STM32F1xx_DFP/2.4.1/Device/Include\stm32f10x.h(26): warning: invalid UTF-8 in comment [-Winvalid-utf8]
  *           - Macros to access peripheral<92>s registers hardware
                                           ^
main2.c(1): warning: In file included from...
C:/Users/ASUS/AppData/Local/Arm/Packs/Keil/STM32F1xx_DFP/2.4.1/Device/Include\stm32f10x.h(8347): warning: In file included from...
./RTE/Device/STM32F103C8\stm32f10x_conf.h(96): warning: In file included from...
C:/Users/ASUS/AppData/Local/Arm/Packs/Keil/STM32F1xx_DFP/2.4.1/Device/StdPeriph_Driver/inc\misc.h(31): warning: In file included from...
C:/Users/ASUS/AppData/Local/Arm/Packs/Keil/STM32F1xx_DFP/2.4.1/Device/Include\stm32f10x.h(18): warning: invalid UTF-8 in comment [-Winvalid-utf8]
  *              - To use or not the peripheral<92>s drivers in application code(i.e. 
                                               ^
C:/Users/ASUS/AppData/Local/Arm/Packs/Keil/STM32F1xx_DFP/2.4.1/Device/Include\stm32f10x.h(19): warning: invalid UTF-8 in comment [-Winvalid-utf8]
  *                code will be based on direct access to peripheral<92>s registers 
                                                                    ^
C:/Users/ASUS/AppData/Local/Arm/Packs/Keil/STM32F1xx_DFP/2.4.1/Device/Include\stm32f10x.h(26): warning: invalid UTF-8 in comment [-Winvalid-utf8]
  *           - Macros to access peripheral<92>s registers hardware
                                           ^
main2.c(26): warning: no previous extern declaration for non-static variable 'cnt' [-Wmissing-variable-declarations]
volatile float cnt = 0;
               ^
main2.c(26): note: declare 'static' if the variable is not intended to be used outside of this translation unit
volatile float cnt = 0;
         ^
main2.c(27): warning: no previous extern declaration for non-static variable 'vong' [-Wmissing-variable-declarations]
volatile short vong = 0;
               ^
main2.c(27): note: declare 'static' if the variable is not intended to be used outside of this translation unit
volatile short vong = 0;
         ^
main2.c(28): warning: no previous extern declaration for non-static variable 'string' [-Wmissing-variable-declarations]
uint8_t string[] = "tung\n\r";
        ^
main2.c(28): note: declare 'static' if the variable is not intended to be used outside of this translation unit
uint8_t string[] = "tung\n\r";
^
main2.c(29): warning: no previous extern declaration for non-static variable 'var' [-Wmissing-variable-declarations]
int var = 100;
    ^
main2.c(29): note: declare 'static' if the variable is not intended to be used outside of this translation unit
int var = 100;
^
main2.c(34): warning: no previous extern declaration for non-static variable 'pos' [-Wmissing-variable-declarations]
uint8_t pos = 0;
        ^
main2.c(34): note: declare 'static' if the variable is not intended to be used outside of this translation unit
uint8_t pos = 0;
^
main2.c(44): warning: implicit conversion increases floating-point precision: 'float' to 'double' [-Wdouble-promotion]
                goc_xoay = (cnt*360)/220;
                         ~ ~~~~~~~~~^~~~
main2.c(45): warning: passing 'uint8_t[30]' (aka 'unsigned char[30]') to parameter of type 'char *' converts between pointers to integer types where one is of the unique plain 'char' type and the other is not [-Wpointer-sign]
                sprintf(msg, "%f\n\r", goc_xoay);
                        ^~~
main2.c(31): note: passing argument to parameter 'str' here
int sprintf(char *str, const char *format,...);
                  ^
main2.c(1): warning: In file included from...
C:/Users/ASUS/AppData/Local/Arm/Packs/Keil/STM32F1xx_DFP/2.4.1/Device/Include\stm32f10x.h(8347): warning: In file included from...
./RTE/Device/STM32F103C8\stm32f10x_conf.h(87): warning: In file included from...
C:/Users/ASUS/AppData/Local/Arm/Packs/Keil/STM32F1xx_DFP/2.4.1/Device/StdPeriph_Driver/inc\stm32f10x_tim.h(50): warning: padding size of 'TIM_TimeBaseInitTypeDef' with 1 byte to alignment boundary [-Wpadded]
typedef struct
        ^
main2.c(1): warning: In file included from...
C:/Users/ASUS/AppData/Local/Arm/Packs/Keil/STM32F1xx_DFP/2.4.1/Device/Include\stm32f10x.h(8347): warning: In file included from...
./RTE/Device/STM32F103C8\stm32f10x_conf.h(90): warning: In file included from...
C:/Users/ASUS/AppData/Local/Arm/Packs/Keil/STM32F1xx_DFP/2.4.1/Device/StdPeriph_Driver/inc\stm32f10x_usart.h(49): warning: padding size of 'USART_InitTypeDef' with 2 bytes to alignment boundary [-Wpadded]
typedef struct
        ^
main2.c(1): warning: In file included from...
C:/Users/ASUS/AppData/Local/Arm/Packs/Keil/STM32F1xx_DFP/2.4.1/Device/Include\stm32f10x.h(8347): warning: In file included from...
./RTE/Device/STM32F103C8\stm32f10x_conf.h(54): warning: In file included from...
C:/Users/ASUS/AppData/Local/Arm/Packs/Keil/STM32F1xx_DFP/2.4.1/Device/StdPeriph_Driver/inc\stm32f10x_exti.h(75): warning: padding size of 'EXTI_InitTypeDef' with 1 byte to alignment boundary [-Wpadded]
typedef struct
        ^
main2.c(232): warning: comparing floating point with == or != is unsafe [-Wfloat-equal]
                        if((vong==0)&& (cnt ==0)){
                                        ~~~ ^ ~
main2.c(238): warning: comparing floating point with == or != is unsafe [-Wfloat-equal]
                        if((vong==0) && (cnt ==0) ){
                                         ~~~ ^ ~
main2.c(281): warning: no newline at end of file [-Wnewline-eof]
                }
                 ^
main2.c(30): warning: no previous extern declaration for non-static variable 'msg' [-Wmissing-variable-declarations]
uint8_t msg[30];
        ^
main2.c(30): note: declare 'static' if the variable is not intended to be used outside of this translation unit
uint8_t msg[30];
^
main2.c(32): warning: no previous extern declaration for non-static variable 'goc_xoay' [-Wmissing-variable-declarations]
double goc_xoay;
       ^
main2.c(32): note: declare 'static' if the variable is not intended to be used outside of this translation unit
double goc_xoay;
^
main2.c(33): warning: no previous extern declaration for non-static variable 'buffer' [-Wmissing-variable-declarations]
char buffer[10];
     ^
main2.c(33): note: declare 'static' if the variable is not intended to be used outside of this translation unit
char buffer[10];
^
main2.c(35): warning: no previous extern declaration for non-static variable 'mv' [-Wmissing-variable-declarations]
int mv;
    ^
main2.c(35): note: declare 'static' if the variable is not intended to be used outside of this translation unit
int mv;
^
89 warnings generated.
compiling main2.c...
linking...
Program Size: Code=13840 RO-data=832 RW-data=0 ZI-data=1696  
FromELF: creating hex file...
".\Objects\PID_DC_Servo_V2.axf" - 0 Error(s), 89 Warning(s).

<h2>Software Packages used:</h2>

Package Vendor: ARM
                http://www.keil.com/pack/ARM.CMSIS.5.9.0.pack
                ARM.CMSIS.5.9.0
                CMSIS (Common Microcontroller Software Interface Standard)
   * Component: CORE Version: 5.6.0

Package Vendor: Keil
                https://www.keil.com/pack/Keil.STM32F1xx_DFP.2.4.1.pack
                Keil.STM32F1xx_DFP.2.4.1
                STMicroelectronics STM32F1 Series Device Support, Drivers and Examples
   * Component: Startup Version: 1.0.0
   * Component: ADC Version: 3.6.0
   * Component: BKP Version: 3.6.0
   * Component: CAN Version: 3.6.0
   * Component: CEC Version: 3.6.0
   * Component: CRC Version: 3.6.0
   * Component: DAC Version: 3.6.0
   * Component: DBGMCU Version: 3.6.0
   * Component: DMA Version: 3.6.0
   * Component: EXTI Version: 3.6.0
   * Component: FSMC Version: 3.6.0
   * Component: Flash Version: 3.6.0
   * Component: Framework Version: 3.6.0
   * Component: GPIO Version: 3.6.0
   * Component: I2C Version: 3.6.0
   * Component: IWDG Version: 3.6.0
   * Component: PWR Version: 3.6.0
   * Component: RCC Version: 3.6.0
   * Component: RTC Version: 3.6.0
   * Component: SDIO Version: 3.6.0
   * Component: SPI Version: 3.6.0
   * Component: TIM Version: 3.6.0
   * Component: USART Version: 3.6.0
   * Component: WWDG Version: 3.6.0

<h2>Collection of Component include folders:</h2>
  ./RTE/Device/STM32F103C8
  ./RTE/_Target_1
  C:/Users/ASUS/AppData/Local/Arm/Packs/ARM/CMSIS/5.9.0/CMSIS/Core/Include
  C:/Users/ASUS/AppData/Local/Arm/Packs/Keil/STM32F1xx_DFP/2.4.1/Device/Include
  C:/Users/ASUS/AppData/Local/Arm/Packs/Keil/STM32F1xx_DFP/2.4.1/Device/StdPeriph_Driver/inc

<h2>Collection of Component Files used:</h2>

   * Component: ARM::CMSIS:CORE:5.6.0

   * Component: Keil::Device:Startup:1.0.0
      Source file:   Device/Source/ARM/STM32F1xx_OPT.s
      Source file:   Device/Source/ARM/startup_stm32f10x_md.s
      Include file:  RTE_Driver/Config/RTE_Device.h
      Source file:   Device/Source/system_stm32f10x.c

   * Component: Keil::Device:StdPeriph Drivers:ADC:3.6.0
      Source file:   Device/StdPeriph_Driver/src/stm32f10x_adc.c
      Include file:  Device/StdPeriph_Driver/inc/stm32f10x_adc.h

   * Component: Keil::Device:StdPeriph Drivers:BKP:3.6.0
      Source file:   Device/StdPeriph_Driver/src/stm32f10x_bkp.c
      Include file:  Device/StdPeriph_Driver/inc/stm32f10x_bkp.h

   * Component: Keil::Device:StdPeriph Drivers:CAN:3.6.0
      Include file:  Device/StdPeriph_Driver/inc/stm32f10x_can.h
      Source file:   Device/StdPeriph_Driver/src/stm32f10x_can.c

   * Component: Keil::Device:StdPeriph Drivers:CEC:3.6.0
      Include file:  Device/StdPeriph_Driver/inc/stm32f10x_cec.h
      Source file:   Device/StdPeriph_Driver/src/stm32f10x_cec.c

   * Component: Keil::Device:StdPeriph Drivers:CRC:3.6.0
      Include file:  Device/StdPeriph_Driver/inc/stm32f10x_crc.h
      Source file:   Device/StdPeriph_Driver/src/stm32f10x_crc.c

   * Component: Keil::Device:StdPeriph Drivers:DAC:3.6.0
      Include file:  Device/StdPeriph_Driver/inc/stm32f10x_dac.h
      Source file:   Device/StdPeriph_Driver/src/stm32f10x_dac.c

   * Component: Keil::Device:StdPeriph Drivers:DBGMCU:3.6.0
      Source file:   Device/StdPeriph_Driver/src/stm32f10x_dbgmcu.c
      Include file:  Device/StdPeriph_Driver/inc/stm32f10x_dbgmcu.h

   * Component: Keil::Device:StdPeriph Drivers:DMA:3.6.0
      Include file:  Device/StdPeriph_Driver/inc/stm32f10x_dma.h
      Source file:   Device/StdPeriph_Driver/src/stm32f10x_dma.c

   * Component: Keil::Device:StdPeriph Drivers:EXTI:3.6.0
      Source file:   Device/StdPeriph_Driver/src/stm32f10x_exti.c
      Include file:  Device/StdPeriph_Driver/inc/stm32f10x_exti.h

   * Component: Keil::Device:StdPeriph Drivers:FSMC:3.6.0
      Source file:   Device/StdPeriph_Driver/src/stm32f10x_fsmc.c
      Include file:  Device/StdPeriph_Driver/inc/stm32f10x_fsmc.h

   * Component: Keil::Device:StdPeriph Drivers:Flash:3.6.0
      Include file:  Device/StdPeriph_Driver/inc/stm32f10x_flash.h
      Source file:   Device/StdPeriph_Driver/src/stm32f10x_flash.c

   * Component: Keil::Device:StdPeriph Drivers:Framework:3.6.0
      Source file:   Device/StdPeriph_Driver/templates/stm32f10x_it.c
      Source file:   Device/StdPeriph_Driver/templates/stm32f10x_conf.h
      Include file:  Device/StdPeriph_Driver/inc/misc.h
      Source file:   Device/StdPeriph_Driver/src/misc.c
      Include file:  Device/StdPeriph_Driver/templates/stm32f10x_it.h

   * Component: Keil::Device:StdPeriph Drivers:GPIO:3.6.0
      Source file:   Device/StdPeriph_Driver/src/stm32f10x_gpio.c
      Include file:  Device/StdPeriph_Driver/inc/stm32f10x_gpio.h

   * Component: Keil::Device:StdPeriph Drivers:I2C:3.6.0
      Include file:  Device/StdPeriph_Driver/inc/stm32f10x_i2c.h
      Source file:   Device/StdPeriph_Driver/src/stm32f10x_i2c.c

   * Component: Keil::Device:StdPeriph Drivers:IWDG:3.6.0
      Source file:   Device/StdPeriph_Driver/src/stm32f10x_iwdg.c
      Include file:  Device/StdPeriph_Driver/inc/stm32f10x_iwdg.h

   * Component: Keil::Device:StdPeriph Drivers:PWR:3.6.0
      Include file:  Device/StdPeriph_Driver/inc/stm32f10x_pwr.h
      Source file:   Device/StdPeriph_Driver/src/stm32f10x_pwr.c

   * Component: Keil::Device:StdPeriph Drivers:RCC:3.6.0
      Include file:  Device/StdPeriph_Driver/inc/stm32f10x_rcc.h
      Source file:   Device/StdPeriph_Driver/src/stm32f10x_rcc.c

   * Component: Keil::Device:StdPeriph Drivers:RTC:3.6.0
      Source file:   Device/StdPeriph_Driver/src/stm32f10x_rtc.c
      Include file:  Device/StdPeriph_Driver/inc/stm32f10x_rtc.h

   * Component: Keil::Device:StdPeriph Drivers:SDIO:3.6.0
      Include file:  Device/StdPeriph_Driver/inc/stm32f10x_sdio.h
      Source file:   Device/StdPeriph_Driver/src/stm32f10x_sdio.c

   * Component: Keil::Device:StdPeriph Drivers:SPI:3.6.0
      Include file:  Device/StdPeriph_Driver/inc/stm32f10x_spi.h
      Source file:   Device/StdPeriph_Driver/src/stm32f10x_spi.c

   * Component: Keil::Device:StdPeriph Drivers:TIM:3.6.0
      Source file:   Device/StdPeriph_Driver/src/stm32f10x_tim.c
      Include file:  Device/StdPeriph_Driver/inc/stm32f10x_tim.h

   * Component: Keil::Device:StdPeriph Drivers:USART:3.6.0
      Include file:  Device/StdPeriph_Driver/inc/stm32f10x_usart.h
      Source file:   Device/StdPeriph_Driver/src/stm32f10x_usart.c

   * Component: Keil::Device:StdPeriph Drivers:WWDG:3.6.0
      Source file:   Device/StdPeriph_Driver/src/stm32f10x_wwdg.c
      Include file:  Device/StdPeriph_Driver/inc/stm32f10x_wwdg.h
Build Time Elapsed:  00:00:03
</pre>
</body>
</html>
